[INFO] Scanning for projects...
[INFO] 
[INFO] -------------------< com.bitacora:bitacora-backend >--------------------
[INFO] Building bitacora-backend 0.0.1-SNAPSHOT
[INFO]   from pom.xml
[INFO] --------------------------------[ jar ]---------------------------------
[WARNING] Parameter 'encoding' is unknown for plugin 'maven-checkstyle-plugin:3.3.1:check (validate)'
[INFO] 
[INFO] --- clean:3.3.2:clean (default-clean) @ bitacora-backend ---
[INFO] Deleting B:\CODE\PROYECTOS\bitacora-mpd\backend\target
[INFO] 
[INFO] --- checkstyle:3.3.1:check (validate) @ bitacora-backend ---
[INFO] Comenzando auditorÝa...
[WARN] B:\CODE\PROYECTOS\bitacora-mpd\backend\src\main\java\com\bitacora\application\activity\ActivityCommentService.java:33:42: El parßmetro activityId deberÝa ser final. [FinalParameters]
[WARN] B:\CODE\PROYECTOS\bitacora-mpd\backend\src\main\java\com\bitacora\application\activity\ActivityCommentService.java:33:59: El parßmetro userId deberÝa ser final. [FinalParameters]
[WARN] B:\CODE\PROYECTOS\bitacora-mpd\backend\src\main\java\com\bitacora\application\activity\ActivityCommentService.java:33:72: El parßmetro userName deberÝa ser final. [FinalParameters]
[WARN] B:\CODE\PROYECTOS\bitacora-mpd\backend\src\main\java\com\bitacora\application\activity\ActivityCommentService.java:33:89: El parßmetro content deberÝa ser final. [FinalParameters]
[WARN] B:\CODE\PROYECTOS\bitacora-mpd\backend\src\main\java\com\bitacora\application\activity\ActivityCommentService.java:48:42: El parßmetro id deberÝa ser final. [FinalParameters]
[WARN] B:\CODE\PROYECTOS\bitacora-mpd\backend\src\main\java\com\bitacora\application\activity\ActivityCommentService.java:48:51: El parßmetro content deberÝa ser final. [FinalParameters]
[WARN] B:\CODE\PROYECTOS\bitacora-mpd\backend\src\main\java\com\bitacora\application\activity\ActivityCommentService.java:48:67: El parßmetro userId deberÝa ser final. [FinalParameters]
[WARN] B:\CODE\PROYECTOS\bitacora-mpd\backend\src\main\java\com\bitacora\application\activity\ActivityCommentService.java:70:43: El parßmetro id deberÝa ser final. [FinalParameters]
[WARN] B:\CODE\PROYECTOS\bitacora-mpd\backend\src\main\java\com\bitacora\application\activity\ActivityCommentService.java:83:58: El parßmetro activityId deberÝa ser final. [FinalParameters]
[WARN] B:\CODE\PROYECTOS\bitacora-mpd\backend\src\main\java\com\bitacora\application\activity\ActivityCommentService.java:97:58: El parßmetro activityId deberÝa ser final. [FinalParameters]
[WARN] B:\CODE\PROYECTOS\bitacora-mpd\backend\src\main\java\com\bitacora\application\activity\ActivityCommentService.java:97:75: El parßmetro page deberÝa ser final. [FinalParameters]
[WARN] B:\CODE\PROYECTOS\bitacora-mpd\backend\src\main\java\com\bitacora\application\activity\ActivityCommentService.java:97:85: El parßmetro size deberÝa ser final. [FinalParameters]
[WARN] B:\CODE\PROYECTOS\bitacora-mpd\backend\src\main\java\com\bitacora\application\activity\ActivityCommentService.java:111:54: El parßmetro userId deberÝa ser final. [FinalParameters]
[WARN] B:\CODE\PROYECTOS\bitacora-mpd\backend\src\main\java\com\bitacora\application\activity\ActivityCommentService.java:111:67: El parßmetro page deberÝa ser final. [FinalParameters]
[WARN] B:\CODE\PROYECTOS\bitacora-mpd\backend\src\main\java\com\bitacora\application\activity\ActivityCommentService.java:111:77: El parßmetro size deberÝa ser final. [FinalParameters]
[WARN] B:\CODE\PROYECTOS\bitacora-mpd\backend\src\main\java\com\bitacora\application\activity\ActivityCommentService.java:123:43: El parßmetro activityId deberÝa ser final. [FinalParameters]
[WARN] B:\CODE\PROYECTOS\bitacora-mpd\backend\src\main\java\com\bitacora\application\activity\ActivityCommentService.java:135:31: El parßmetro id deberÝa ser final. [FinalParameters]
[WARN] B:\CODE\PROYECTOS\bitacora-mpd\backend\src\main\java\com\bitacora\application\activity\ActivityCommentService.java:135:40: El parßmetro userId deberÝa ser final. [FinalParameters]
[WARN] B:\CODE\PROYECTOS\bitacora-mpd\backend\src\main\java\com\bitacora\application\activity\ActivityHistoryService.java:38:13: El parßmetro activityId deberÝa ser final. [FinalParameters]
[WARN] B:\CODE\PROYECTOS\bitacora-mpd\backend\src\main\java\com\bitacora\application\activity\ActivityHistoryService.java:39:13: El parßmetro userId deberÝa ser final. [FinalParameters]
[WARN] B:\CODE\PROYECTOS\bitacora-mpd\backend\src\main\java\com\bitacora\application\activity\ActivityHistoryService.java:40:13: El parßmetro userName deberÝa ser final. [FinalParameters]
[WARN] B:\CODE\PROYECTOS\bitacora-mpd\backend\src\main\java\com\bitacora\application\activity\ActivityHistoryService.java:41:13: El parßmetro previousStatus deberÝa ser final. [FinalParameters]
[WARN] B:\CODE\PROYECTOS\bitacora-mpd\backend\src\main\java\com\bitacora\application\activity\ActivityHistoryService.java:42:13: El parßmetro newStatus deberÝa ser final. [FinalParameters]
[WARN] B:\CODE\PROYECTOS\bitacora-mpd\backend\src\main\java\com\bitacora\application\activity\ActivityHistoryService.java:43:13: El parßmetro notes deberÝa ser final. [FinalParameters]
[WARN] B:\CODE\PROYECTOS\bitacora-mpd\backend\src\main\java\com\bitacora\application\activity\ActivityHistoryService.java:60:57: El parßmetro activityId deberÝa ser final. [FinalParameters]
[WARN] B:\CODE\PROYECTOS\bitacora-mpd\backend\src\main\java\com\bitacora\application\activity\ActivityHistoryService.java:74:57: El parßmetro activityId deberÝa ser final. [FinalParameters]
[WARN] B:\CODE\PROYECTOS\bitacora-mpd\backend\src\main\java\com\bitacora\application\activity\ActivityHistoryService.java:74:74: El parßmetro page deberÝa ser final. [FinalParameters]
[WARN] B:\CODE\PROYECTOS\bitacora-mpd\backend\src\main\java\com\bitacora\application\activity\ActivityHistoryService.java:74:84: El parßmetro size deberÝa ser final. [FinalParameters]
[WARN] B:\CODE\PROYECTOS\bitacora-mpd\backend\src\main\java\com\bitacora\application\activity\ActivityHistoryService.java:88:53: El parßmetro userId deberÝa ser final. [FinalParameters]
[WARN] B:\CODE\PROYECTOS\bitacora-mpd\backend\src\main\java\com\bitacora\application\activity\ActivityHistoryService.java:88:66: El parßmetro page deberÝa ser final. [FinalParameters]
[WARN] B:\CODE\PROYECTOS\bitacora-mpd\backend\src\main\java\com\bitacora\application\activity\ActivityHistoryService.java:88:76: El parßmetro size deberÝa ser final. [FinalParameters]
[WARN] B:\CODE\PROYECTOS\bitacora-mpd\backend\src\main\java\com\bitacora\application\activity\ActivityHistoryService.java:102:56: El parßmetro status deberÝa ser final. [FinalParameters]
[WARN] B:\CODE\PROYECTOS\bitacora-mpd\backend\src\main\java\com\bitacora\application\activity\ActivityHistoryService.java:102:82: El parßmetro page deberÝa ser final. [FinalParameters]
[WARN] B:\CODE\PROYECTOS\bitacora-mpd\backend\src\main\java\com\bitacora\application\activity\ActivityHistoryService.java:102:92: El parßmetro size deberÝa ser final. [FinalParameters]
[WARN] B:\CODE\PROYECTOS\bitacora-mpd\backend\src\main\java\com\bitacora\application\activity\ActivityHistoryService.java:117: La lÝnea es mayor de 120 caracteres (encontrado 124). [LineLength]
[WARN] B:\CODE\PROYECTOS\bitacora-mpd\backend\src\main\java\com\bitacora\application\activity\ActivityHistoryService.java:117:56: El parßmetro startDate deberÝa ser final. [FinalParameters]
[WARN] B:\CODE\PROYECTOS\bitacora-mpd\backend\src\main\java\com\bitacora\application\activity\ActivityHistoryService.java:117:81: El parßmetro endDate deberÝa ser final. [FinalParameters]
[WARN] B:\CODE\PROYECTOS\bitacora-mpd\backend\src\main\java\com\bitacora\application\activity\ActivityHistoryService.java:117:104: El parßmetro page deberÝa ser final. [FinalParameters]
[WARN] B:\CODE\PROYECTOS\bitacora-mpd\backend\src\main\java\com\bitacora\application\activity\ActivityHistoryService.java:117:114: El parßmetro size deberÝa ser final. [FinalParameters]
[WARN] B:\CODE\PROYECTOS\bitacora-mpd\backend\src\main\java\com\bitacora\application\activity\ActivityHistoryService.java:129:43: El parßmetro id deberÝa ser final. [FinalParameters]
[WARN] B:\CODE\PROYECTOS\bitacora-mpd\backend\src\main\java\com\bitacora\application\activity\ActivityService.java:39:36: El parßmetro activity deberÝa ser final. [FinalParameters]
[WARN] B:\CODE\PROYECTOS\bitacora-mpd\backend\src\main\java\com\bitacora\application\activity\ActivityService.java:58:46: El parßmetro id deberÝa ser final. [FinalParameters]
[WARN] B:\CODE\PROYECTOS\bitacora-mpd\backend\src\main\java\com\bitacora\application\activity\ActivityService.java:58:55: El parßmetro activity deberÝa ser final. [FinalParameters]
[WARN] B:\CODE\PROYECTOS\bitacora-mpd\backend\src\main\java\com\bitacora\application\activity\ActivityService.java:95:52: El parßmetro id deberÝa ser final. [FinalParameters]
[WARN] B:\CODE\PROYECTOS\bitacora-mpd\backend\src\main\java\com\bitacora\application\activity\ActivityService.java:95:61: El parßmetro newStatus deberÝa ser final. [FinalParameters]
[WARN] B:\CODE\PROYECTOS\bitacora-mpd\backend\src\main\java\com\bitacora\application\activity\ActivityService.java:127:47: El parßmetro id deberÝa ser final. [FinalParameters]
[WARN] B:\CODE\PROYECTOS\bitacora-mpd\backend\src\main\java\com\bitacora\application\activity\ActivityService.java:140:44: El parßmetro page deberÝa ser final. [FinalParameters]
[WARN] B:\CODE\PROYECTOS\bitacora-mpd\backend\src\main\java\com\bitacora\application\activity\ActivityService.java:140:54: El parßmetro size deberÝa ser final. [FinalParameters]
[WARN] B:\CODE\PROYECTOS\bitacora-mpd\backend\src\main\java\com\bitacora\application\activity\ActivityService.java:154:53: El parßmetro filters deberÝa ser final. [FinalParameters]
[WARN] B:\CODE\PROYECTOS\bitacora-mpd\backend\src\main\java\com\bitacora\application\activity\ActivityService.java:154:82: El parßmetro page deberÝa ser final. [FinalParameters]
[WARN] B:\CODE\PROYECTOS\bitacora-mpd\backend\src\main\java\com\bitacora\application\activity\ActivityService.java:154:92: El parßmetro size deberÝa ser final. [FinalParameters]
[WARN] B:\CODE\PROYECTOS\bitacora-mpd\backend\src\main\java\com\bitacora\application\activity\ActivityService.java:165:32: El parßmetro id deberÝa ser final. [FinalParameters]
[WARN] B:\CODE\PROYECTOS\bitacora-mpd\backend\src\main\java\com\bitacora\application\activity\ActivityService.java:187:44: El parßmetro filters deberÝa ser final. [FinalParameters]
[WARN] B:\CODE\PROYECTOS\bitacora-mpd\backend\src\main\java\com\bitacora\application\activity\ActivityWorkflowService.java:37:49: El parßmetro activity deberÝa ser final. [FinalParameters]
[WARN] B:\CODE\PROYECTOS\bitacora-mpd\backend\src\main\java\com\bitacora\application\activity\ActivityWorkflowService.java:37:76: El parßmetro requesterId deberÝa ser final. [FinalParameters]
[WARN] B:\CODE\PROYECTOS\bitacora-mpd\backend\src\main\java\com\bitacora\application\activity\ActivityWorkflowService.java:37:94: El parßmetro notes deberÝa ser final. [FinalParameters]
[WARN] B:\CODE\PROYECTOS\bitacora-mpd\backend\src\main\java\com\bitacora\application\activity\ActivityWorkflowService.java:58:48: El parßmetro activityId deberÝa ser final. [FinalParameters]
[WARN] B:\CODE\PROYECTOS\bitacora-mpd\backend\src\main\java\com\bitacora\application\activity\ActivityWorkflowService.java:58:65: El parßmetro assignerId deberÝa ser final. [FinalParameters]
[WARN] B:\CODE\PROYECTOS\bitacora-mpd\backend\src\main\java\com\bitacora\application\activity\ActivityWorkflowService.java:58:82: El parßmetro executorId deberÝa ser final. [FinalParameters]
[WARN] B:\CODE\PROYECTOS\bitacora-mpd\backend\src\main\java\com\bitacora\application\activity\ActivityWorkflowService.java:58:99: El parßmetro notes deberÝa ser final. [FinalParameters]
[WARN] B:\CODE\PROYECTOS\bitacora-mpd\backend\src\main\java\com\bitacora\application\activity\ActivityWorkflowService.java:87:47: El parßmetro activityId deberÝa ser final. [FinalParameters]
[WARN] B:\CODE\PROYECTOS\bitacora-mpd\backend\src\main\java\com\bitacora\application\activity\ActivityWorkflowService.java:87:64: El parßmetro notes deberÝa ser final. [FinalParameters]
[WARN] B:\CODE\PROYECTOS\bitacora-mpd\backend\src\main\java\com\bitacora\application\activity\ActivityWorkflowService.java:122:50: El parßmetro activityId deberÝa ser final. [FinalParameters]
[WARN] B:\CODE\PROYECTOS\bitacora-mpd\backend\src\main\java\com\bitacora\application\activity\ActivityWorkflowService.java:122:67: El parßmetro notes deberÝa ser final. [FinalParameters]
[WARN] B:\CODE\PROYECTOS\bitacora-mpd\backend\src\main\java\com\bitacora\application\activity\ActivityWorkflowService.java:122:81: El parßmetro actualHours deberÝa ser final. [FinalParameters]
[WARN] B:\CODE\PROYECTOS\bitacora-mpd\backend\src\main\java\com\bitacora\application\activity\ActivityWorkflowService.java:156:49: El parßmetro activityId deberÝa ser final. [FinalParameters]
[WARN] B:\CODE\PROYECTOS\bitacora-mpd\backend\src\main\java\com\bitacora\application\activity\ActivityWorkflowService.java:156:66: El parßmetro notes deberÝa ser final. [FinalParameters]
[WARN] B:\CODE\PROYECTOS\bitacora-mpd\backend\src\main\java\com\bitacora\application\activity\ActivityWorkflowService.java:190:48: El parßmetro activityId deberÝa ser final. [FinalParameters]
[WARN] B:\CODE\PROYECTOS\bitacora-mpd\backend\src\main\java\com\bitacora\application\activity\ActivityWorkflowService.java:190:65: El parßmetro notes deberÝa ser final. [FinalParameters]
[WARN] B:\CODE\PROYECTOS\bitacora-mpd\backend\src\main\java\com\bitacora\application\activity\ActivityWorkflowService.java:224:48: El parßmetro activityId deberÝa ser final. [FinalParameters]
[WARN] B:\CODE\PROYECTOS\bitacora-mpd\backend\src\main\java\com\bitacora\application\activity\ActivityWorkflowService.java:224:65: El parßmetro notes deberÝa ser final. [FinalParameters]
[WARN] B:\CODE\PROYECTOS\bitacora-mpd\backend\src\main\java\com\bitacora\application\auth\AuthService.java:46:45: El parßmetro loginRequest deberÝa ser final. [FinalParameters]
[WARN] B:\CODE\PROYECTOS\bitacora-mpd\backend\src\main\java\com\bitacora\application\auth\AuthService.java:46:72: El parßmetro request deberÝa ser final. [FinalParameters]
[WARN] B:\CODE\PROYECTOS\bitacora-mpd\backend\src\main\java\com\bitacora\application\auth\AuthService.java:96:31: El parßmetro token deberÝa ser final. [FinalParameters]
[WARN] B:\CODE\PROYECTOS\bitacora-mpd\backend\src\main\java\com\bitacora\application\auth\AuthService.java:98:49: '7' es un n·mero mßgico. [MagicNumber]
[WARN] B:\CODE\PROYECTOS\bitacora-mpd\backend\src\main\java\com\bitacora\application\auth\AuthService.java:111:41: El parßmetro refreshToken deberÝa ser final. [FinalParameters]
[WARN] B:\CODE\PROYECTOS\bitacora-mpd\backend\src\main\java\com\bitacora\application\auth\AuthService.java:111:62: El parßmetro request deberÝa ser final. [FinalParameters]
[WARN] B:\CODE\PROYECTOS\bitacora-mpd\backend\src\main\java\com\bitacora\application\notification\ActivityNotificationService.java:39:44: El parßmetro event deberÝa ser final. [FinalParameters]
[WARN] B:\CODE\PROYECTOS\bitacora-mpd\backend\src\main\java\com\bitacora\application\notification\ActivityNotificationService.java:95:50: El parßmetro event deberÝa ser final. [FinalParameters]
[WARN] B:\CODE\PROYECTOS\bitacora-mpd\backend\src\main\java\com\bitacora\application\notification\ActivityNotificationService.java:136:89: '+' deberÝa estar en una lÝnea nueva. [OperatorWrap]
[WARN] B:\CODE\PROYECTOS\bitacora-mpd\backend\src\main\java\com\bitacora\application\notification\ActivityNotificationService.java:137:80: '+' deberÝa estar en una lÝnea nueva. [OperatorWrap]
[WARN] B:\CODE\PROYECTOS\bitacora-mpd\backend\src\main\java\com\bitacora\application\notification\AnnouncementService.java:35:43: El parßmetro title deberÝa ser final. [FinalParameters]
[WARN] B:\CODE\PROYECTOS\bitacora-mpd\backend\src\main\java\com\bitacora\application\notification\AnnouncementService.java:35:57: El parßmetro message deberÝa ser final. [FinalParameters]
[WARN] B:\CODE\PROYECTOS\bitacora-mpd\backend\src\main\java\com\bitacora\application\notification\AnnouncementService.java:35:73: El parßmetro userId deberÝa ser final. [FinalParameters]
[WARN] B:\CODE\PROYECTOS\bitacora-mpd\backend\src\main\java\com\bitacora\application\notification\AnnouncementService.java:71:47: El parßmetro title deberÝa ser final. [FinalParameters]
[WARN] B:\CODE\PROYECTOS\bitacora-mpd\backend\src\main\java\com\bitacora\application\notification\AnnouncementService.java:71:61: El parßmetro message deberÝa ser final. [FinalParameters]
[WARN] B:\CODE\PROYECTOS\bitacora-mpd\backend\src\main\java\com\bitacora\application\notification\AnnouncementService.java:71:77: El parßmetro department deberÝa ser final. [FinalParameters]
[WARN] B:\CODE\PROYECTOS\bitacora-mpd\backend\src\main\java\com\bitacora\application\notification\AnnouncementService.java:71:96: El parßmetro userId deberÝa ser final. [FinalParameters]
[WARN] B:\CODE\PROYECTOS\bitacora-mpd\backend\src\main\java\com\bitacora\application\notification\AnnouncementService.java:110:42: El parßmetro title deberÝa ser final. [FinalParameters]
[WARN] B:\CODE\PROYECTOS\bitacora-mpd\backend\src\main\java\com\bitacora\application\notification\AnnouncementService.java:110:56: El parßmetro message deberÝa ser final. [FinalParameters]
[WARN] B:\CODE\PROYECTOS\bitacora-mpd\backend\src\main\java\com\bitacora\application\notification\AnnouncementService.java:110:72: El parßmetro eventDate deberÝa ser final. [FinalParameters]
[WARN] B:\CODE\PROYECTOS\bitacora-mpd\backend\src\main\java\com\bitacora\application\notification\AnnouncementService.java:110:88: El parßmetro location deberÝa ser final. [FinalParameters]
[WARN] B:\CODE\PROYECTOS\bitacora-mpd\backend\src\main\java\com\bitacora\application\notification\AnnouncementService.java:111:13: El parßmetro department deberÝa ser final. [FinalParameters]
[WARN] B:\CODE\PROYECTOS\bitacora-mpd\backend\src\main\java\com\bitacora\application\notification\AnnouncementService.java:111:32: El parßmetro userId deberÝa ser final. [FinalParameters]
[WARN] B:\CODE\PROYECTOS\bitacora-mpd\backend\src\main\java\com\bitacora\application\notification\CollaborationService.java:45:35: El parßmetro activityId deberÝa ser final. [FinalParameters]
[WARN] B:\CODE\PROYECTOS\bitacora-mpd\backend\src\main\java\com\bitacora\application\notification\CollaborationService.java:45:52: El parßmetro userId deberÝa ser final. [FinalParameters]
[WARN] B:\CODE\PROYECTOS\bitacora-mpd\backend\src\main\java\com\bitacora\application\notification\CollaborationService.java:94:35: El parßmetro activityId deberÝa ser final. [FinalParameters]
[WARN] B:\CODE\PROYECTOS\bitacora-mpd\backend\src\main\java\com\bitacora\application\notification\CollaborationService.java:94:52: El parßmetro userId deberÝa ser final. [FinalParameters]
[WARN] B:\CODE\PROYECTOS\bitacora-mpd\backend\src\main\java\com\bitacora\application\notification\CollaborationService.java:151:36: El parßmetro activityId deberÝa ser final. [FinalParameters]
[WARN] B:\CODE\PROYECTOS\bitacora-mpd\backend\src\main\java\com\bitacora\application\notification\CollaborationService.java:151:53: El parßmetro userId deberÝa ser final. [FinalParameters]
[WARN] B:\CODE\PROYECTOS\bitacora-mpd\backend\src\main\java\com\bitacora\application\notification\CollaborationService.java:151:66: El parßmetro comment deberÝa ser final. [FinalParameters]
[WARN] B:\CODE\PROYECTOS\bitacora-mpd\backend\src\main\java\com\bitacora\application\notification\CollaborationService.java:194:35: El parßmetro activityId deberÝa ser final. [FinalParameters]
[WARN] B:\CODE\PROYECTOS\bitacora-mpd\backend\src\main\java\com\bitacora\application\notification\CollaborationService.java:194:52: El parßmetro userId deberÝa ser final. [FinalParameters]
[WARN] B:\CODE\PROYECTOS\bitacora-mpd\backend\src\main\java\com\bitacora\application\notification\CollaborationService.java:255:33: El parßmetro activityId deberÝa ser final. [FinalParameters]
[WARN] B:\CODE\PROYECTOS\bitacora-mpd\backend\src\main\java\com\bitacora\application\notification\CollaborationService.java:265:27: El parßmetro activityId deberÝa ser final. [FinalParameters]
[WARN] B:\CODE\PROYECTOS\bitacora-mpd\backend\src\main\java\com\bitacora\application\notification\DeadlineReminderService.java:44:61: '23' es un n·mero mßgico. [MagicNumber]
[WARN] B:\CODE\PROYECTOS\bitacora-mpd\backend\src\main\java\com\bitacora\application\notification\DeadlineReminderService.java:45:59: '24' es un n·mero mßgico. [MagicNumber]
[WARN] B:\CODE\PROYECTOS\bitacora-mpd\backend\src\main\java\com\bitacora\application\notification\DeadlineReminderService.java:51:14: El parßmetro activity deberÝa ser final. [FinalParameters]
[WARN] B:\CODE\PROYECTOS\bitacora-mpd\backend\src\main\java\com\bitacora\application\notification\DeadlineReminderService.java:52:58: '24' es un n·mero mßgico. [MagicNumber]
[WARN] B:\CODE\PROYECTOS\bitacora-mpd\backend\src\main\java\com\bitacora\application\notification\DeadlineReminderService.java:72:14: El parßmetro activity deberÝa ser final. [FinalParameters]
[WARN] B:\CODE\PROYECTOS\bitacora-mpd\backend\src\main\java\com\bitacora\application\notification\DeadlineReminderService.java:86:63: '45' es un n·mero mßgico. [MagicNumber]
[WARN] B:\CODE\PROYECTOS\bitacora-mpd\backend\src\main\java\com\bitacora\application\notification\DeadlineReminderService.java:93:14: El parßmetro activity deberÝa ser final. [FinalParameters]
[WARN] B:\CODE\PROYECTOS\bitacora-mpd\backend\src\main\java\com\bitacora\application\notification\DeadlineReminderService.java:105:31: El parßmetro activity deberÝa ser final. [FinalParameters]
[WARN] B:\CODE\PROYECTOS\bitacora-mpd\backend\src\main\java\com\bitacora\application\notification\DeadlineReminderService.java:105:50: El parßmetro reminderType deberÝa ser final. [FinalParameters]
[WARN] B:\CODE\PROYECTOS\bitacora-mpd\backend\src\main\java\com\bitacora\application\notification\DeadlineReminderService.java:105:77: El parßmetro hoursRemaining deberÝa ser final. [FinalParameters]
[WARN] B:\CODE\PROYECTOS\bitacora-mpd\backend\src\main\java\com\bitacora\application\notification\DeadlineReminderService.java:146:46: El parßmetro activityTitle deberÝa ser final. [FinalParameters]
[WARN] B:\CODE\PROYECTOS\bitacora-mpd\backend\src\main\java\com\bitacora\application\notification\DeadlineReminderService.java:146:68: El parßmetro reminderType deberÝa ser final. [FinalParameters]
[WARN] B:\CODE\PROYECTOS\bitacora-mpd\backend\src\main\java\com\bitacora\application\session\UserSessionService.java:47:38: El parßmetro userId deberÝa ser final. [FinalParameters]
[WARN] B:\CODE\PROYECTOS\bitacora-mpd\backend\src\main\java\com\bitacora\application\session\UserSessionService.java:47:51: El parßmetro token deberÝa ser final. [FinalParameters]
[WARN] B:\CODE\PROYECTOS\bitacora-mpd\backend\src\main\java\com\bitacora\application\session\UserSessionService.java:47:65: El parßmetro refreshToken deberÝa ser final. [FinalParameters]
[WARN] B:\CODE\PROYECTOS\bitacora-mpd\backend\src\main\java\com\bitacora\application\session\UserSessionService.java:47:86: El parßmetro request deberÝa ser final. [FinalParameters]
[WARN] B:\CODE\PROYECTOS\bitacora-mpd\backend\src\main\java\com\bitacora\application\session\UserSessionService.java:89:53: El parßmetro token deberÝa ser final. [FinalParameters]
[WARN] B:\CODE\PROYECTOS\bitacora-mpd\backend\src\main\java\com\bitacora\application\session\UserSessionService.java:103:47: El parßmetro token deberÝa ser final. [FinalParameters]
[WARN] B:\CODE\PROYECTOS\bitacora-mpd\backend\src\main\java\com\bitacora\application\session\UserSessionService.java:123:35: El parßmetro userId deberÝa ser final. [FinalParameters]
[WARN] B:\CODE\PROYECTOS\bitacora-mpd\backend\src\main\java\com\bitacora\application\session\UserSessionService.java:123:48: El parßmetro currentSessionId deberÝa ser final. [FinalParameters]
[WARN] B:\CODE\PROYECTOS\bitacora-mpd\backend\src\main\java\com\bitacora\application\session\UserSessionService.java:138:48: El parßmetro sessionId deberÝa ser final. [FinalParameters]
[WARN] B:\CODE\PROYECTOS\bitacora-mpd\backend\src\main\java\com\bitacora\application\session\UserSessionService.java:138:64: El parßmetro reason deberÝa ser final. [FinalParameters]
[WARN] B:\CODE\PROYECTOS\bitacora-mpd\backend\src\main\java\com\bitacora\application\session\UserSessionService.java:163:48: El parßmetro userId deberÝa ser final. [FinalParameters]
[WARN] B:\CODE\PROYECTOS\bitacora-mpd\backend\src\main\java\com\bitacora\application\session\UserSessionService.java:173:45: El parßmetro userId deberÝa ser final. [FinalParameters]
[WARN] B:\CODE\PROYECTOS\bitacora-mpd\backend\src\main\java\com\bitacora\application\session\UserSessionService.java:194:58: El parßmetro sessionId deberÝa ser final. [FinalParameters]
[WARN] B:\CODE\PROYECTOS\bitacora-mpd\backend\src\main\java\com\bitacora\application\session\UserSessionService.java:194:74: El parßmetro reason deberÝa ser final. [FinalParameters]
[WARN] B:\CODE\PROYECTOS\bitacora-mpd\backend\src\main\java\com\bitacora\application\session\UserSessionService.java:234:63: '1800' es un n·mero mßgico. [MagicNumber]
[WARN] B:\CODE\PROYECTOS\bitacora-mpd\backend\src\main\java\com\bitacora\application\session\UserSessionService.java:237:14: El parßmetro session deberÝa ser final. [FinalParameters]
[WARN] B:\CODE\PROYECTOS\bitacora-mpd\backend\src\main\java\com\bitacora\application\session\UserSessionService.java:257:32: El parßmetro request deberÝa ser final. [FinalParameters]
[WARN] B:\CODE\PROYECTOS\bitacora-mpd\backend\src\main\java\com\bitacora\application\session\UserSessionService.java:271:32: El parßmetro userAgent deberÝa ser final. [FinalParameters]
[WARN] B:\CODE\PROYECTOS\bitacora-mpd\backend\src\main\java\com\bitacora\application\session\UserSessionService.java:291:40: El parßmetro session deberÝa ser final. [FinalParameters]
[WARN] B:\CODE\PROYECTOS\bitacora-mpd\backend\src\main\java\com\bitacora\application\session\UserSessionService.java:291:61: El parßmetro action deberÝa ser final. [FinalParameters]
[WARN] B:\CODE\PROYECTOS\bitacora-mpd\backend\src\main\java\com\bitacora\BitacoraApplication.java:11:1: Clases de servicios p·blicos no deben tener un constructor p·blico o por defecto. [HideUtilityClassConstructor]
[WARN] B:\CODE\PROYECTOS\bitacora-mpd\backend\src\main\java\com\bitacora\BitacoraApplication.java:20:29: El parßmetro args deberÝa ser final. [FinalParameters]
[WARN] B:\CODE\PROYECTOS\bitacora-mpd\backend\src\main\java\com\bitacora\domain\event\activity\ActivityCreatedEvent.java:20:33: El parßmetro activity deberÝa ser final. [FinalParameters]
[WARN] B:\CODE\PROYECTOS\bitacora-mpd\backend\src\main\java\com\bitacora\domain\event\activity\ActivityStatusChangedEvent.java:23:39: El parßmetro activity deberÝa ser final. [FinalParameters]
[WARN] B:\CODE\PROYECTOS\bitacora-mpd\backend\src\main\java\com\bitacora\domain\event\activity\ActivityStatusChangedEvent.java:23:58: El parßmetro oldStatus deberÝa ser final. [FinalParameters]
[WARN] B:\CODE\PROYECTOS\bitacora-mpd\backend\src\main\java\com\bitacora\domain\event\user\UserCreatedEvent.java:20:29: El parßmetro user deberÝa ser final. [FinalParameters]
[WARN] B:\CODE\PROYECTOS\bitacora-mpd\backend\src\main\java\com\bitacora\domain\exception\DomainException.java:15:31: El parßmetro message deberÝa ser final. [FinalParameters]
[WARN] B:\CODE\PROYECTOS\bitacora-mpd\backend\src\main\java\com\bitacora\domain\exception\DomainException.java:25:31: El parßmetro message deberÝa ser final. [FinalParameters]
[WARN] B:\CODE\PROYECTOS\bitacora-mpd\backend\src\main\java\com\bitacora\domain\exception\DomainException.java:25:47: El parßmetro cause deberÝa ser final. [FinalParameters]
[WARN] B:\CODE\PROYECTOS\bitacora-mpd\backend\src\main\java\com\bitacora\domain\exception\EntityNotFoundException.java:15:36: El parßmetro message deberÝa ser final. [FinalParameters]
[WARN] B:\CODE\PROYECTOS\bitacora-mpd\backend\src\main\java\com\bitacora\domain\exception\EntityNotFoundException.java:25:36: El parßmetro message deberÝa ser final. [FinalParameters]
[WARN] B:\CODE\PROYECTOS\bitacora-mpd\backend\src\main\java\com\bitacora\domain\exception\EntityNotFoundException.java:25:52: El parßmetro cause deberÝa ser final. [FinalParameters]
[WARN] B:\CODE\PROYECTOS\bitacora-mpd\backend\src\main\java\com\bitacora\domain\exception\EntityNotFoundException.java:36:53: El parßmetro entityName deberÝa ser final. [FinalParameters]
[WARN] B:\CODE\PROYECTOS\bitacora-mpd\backend\src\main\java\com\bitacora\domain\exception\EntityNotFoundException.java:36:72: El parßmetro id deberÝa ser final. [FinalParameters]
[WARN] B:\CODE\PROYECTOS\bitacora-mpd\backend\src\main\java\com\bitacora\domain\exception\InvalidEmailException.java:15:34: El parßmetro message deberÝa ser final. [FinalParameters]
[WARN] B:\CODE\PROYECTOS\bitacora-mpd\backend\src\main\java\com\bitacora\domain\exception\InvalidEmailException.java:25:34: El parßmetro message deberÝa ser final. [FinalParameters]
[WARN] B:\CODE\PROYECTOS\bitacora-mpd\backend\src\main\java\com\bitacora\domain\exception\InvalidEmailException.java:25:50: El parßmetro cause deberÝa ser final. [FinalParameters]
[WARN] B:\CODE\PROYECTOS\bitacora-mpd\backend\src\main\java\com\bitacora\domain\exception\InvalidPasswordException.java:15:37: El parßmetro message deberÝa ser final. [FinalParameters]
[WARN] B:\CODE\PROYECTOS\bitacora-mpd\backend\src\main\java\com\bitacora\domain\exception\InvalidPasswordException.java:25:37: El parßmetro message deberÝa ser final. [FinalParameters]
[WARN] B:\CODE\PROYECTOS\bitacora-mpd\backend\src\main\java\com\bitacora\domain\exception\InvalidPasswordException.java:25:53: El parßmetro cause deberÝa ser final. [FinalParameters]
[WARN] B:\CODE\PROYECTOS\bitacora-mpd\backend\src\main\java\com\bitacora\domain\exception\InvalidPersonNameException.java:15:39: El parßmetro message deberÝa ser final. [FinalParameters]
[WARN] B:\CODE\PROYECTOS\bitacora-mpd\backend\src\main\java\com\bitacora\domain\exception\InvalidPersonNameException.java:25:39: El parßmetro message deberÝa ser final. [FinalParameters]
[WARN] B:\CODE\PROYECTOS\bitacora-mpd\backend\src\main\java\com\bitacora\domain\exception\InvalidPersonNameException.java:25:55: El parßmetro cause deberÝa ser final. [FinalParameters]
[WARN] B:\CODE\PROYECTOS\bitacora-mpd\backend\src\main\java\com\bitacora\domain\model\activity\Activity.java:40:30: El parßmetro newStatus deberÝa ser final. [FinalParameters]
[WARN] B:\CODE\PROYECTOS\bitacora-mpd\backend\src\main\java\com\bitacora\domain\model\activity\ActivityAttachment.java:41:13: El parßmetro activityId deberÝa ser final. [FinalParameters]
[WARN] B:\CODE\PROYECTOS\bitacora-mpd\backend\src\main\java\com\bitacora\domain\model\activity\ActivityAttachment.java:42:13: El parßmetro userId deberÝa ser final. [FinalParameters]
[WARN] B:\CODE\PROYECTOS\bitacora-mpd\backend\src\main\java\com\bitacora\domain\model\activity\ActivityAttachment.java:43:13: El parßmetro userName deberÝa ser final. [FinalParameters]
[WARN] B:\CODE\PROYECTOS\bitacora-mpd\backend\src\main\java\com\bitacora\domain\model\activity\ActivityAttachment.java:44:13: El parßmetro fileName deberÝa ser final. [FinalParameters]
[WARN] B:\CODE\PROYECTOS\bitacora-mpd\backend\src\main\java\com\bitacora\domain\model\activity\ActivityAttachment.java:45:13: El parßmetro fileType deberÝa ser final. [FinalParameters]
[WARN] B:\CODE\PROYECTOS\bitacora-mpd\backend\src\main\java\com\bitacora\domain\model\activity\ActivityAttachment.java:46:13: El parßmetro fileUrl deberÝa ser final. [FinalParameters]
[WARN] B:\CODE\PROYECTOS\bitacora-mpd\backend\src\main\java\com\bitacora\domain\model\activity\ActivityAttachment.java:47:13: El parßmetro fileSize deberÝa ser final. [FinalParameters]
[WARN] B:\CODE\PROYECTOS\bitacora-mpd\backend\src\main\java\com\bitacora\domain\model\activity\ActivityCategory.java:35:50: El parßmetro name deberÝa ser final. [FinalParameters]
[WARN] B:\CODE\PROYECTOS\bitacora-mpd\backend\src\main\java\com\bitacora\domain\model\activity\ActivityCategory.java:35:63: El parßmetro description deberÝa ser final. [FinalParameters]
[WARN] B:\CODE\PROYECTOS\bitacora-mpd\backend\src\main\java\com\bitacora\domain\model\activity\ActivityCategory.java:35:83: El parßmetro color deberÝa ser final. [FinalParameters]
[WARN] B:\CODE\PROYECTOS\bitacora-mpd\backend\src\main\java\com\bitacora\domain\model\activity\ActivityCategory.java:55:49: El parßmetro name deberÝa ser final. [FinalParameters]
[WARN] B:\CODE\PROYECTOS\bitacora-mpd\backend\src\main\java\com\bitacora\domain\model\activity\ActivityCategory.java:55:62: El parßmetro description deberÝa ser final. [FinalParameters]
[WARN] B:\CODE\PROYECTOS\bitacora-mpd\backend\src\main\java\com\bitacora\domain\model\activity\ActivityCategory.java:55:82: El parßmetro color deberÝa ser final. [FinalParameters]
[WARN] B:\CODE\PROYECTOS\bitacora-mpd\backend\src\main\java\com\bitacora\domain\model\activity\ActivityCategory.java:55:96: El parßmetro creatorId deberÝa ser final. [FinalParameters]
[WARN] B:\CODE\PROYECTOS\bitacora-mpd\backend\src\main\java\com\bitacora\domain\model\activity\ActivityComment.java:35:42: El parßmetro activityId deberÝa ser final. [FinalParameters]
[WARN] B:\CODE\PROYECTOS\bitacora-mpd\backend\src\main\java\com\bitacora\domain\model\activity\ActivityComment.java:35:59: El parßmetro userId deberÝa ser final. [FinalParameters]
[WARN] B:\CODE\PROYECTOS\bitacora-mpd\backend\src\main\java\com\bitacora\domain\model\activity\ActivityComment.java:35:72: El parßmetro userName deberÝa ser final. [FinalParameters]
[WARN] B:\CODE\PROYECTOS\bitacora-mpd\backend\src\main\java\com\bitacora\domain\model\activity\ActivityComment.java:35:89: El parßmetro content deberÝa ser final. [FinalParameters]
[WARN] B:\CODE\PROYECTOS\bitacora-mpd\backend\src\main\java\com\bitacora\domain\model\activity\ActivityComment.java:53:31: El parßmetro newContent deberÝa ser final. [FinalParameters]
[WARN] B:\CODE\PROYECTOS\bitacora-mpd\backend\src\main\java\com\bitacora\domain\model\activity\ActivityExtended.java:51:25: El parßmetro requesterId deberÝa ser final. [FinalParameters]
[WARN] B:\CODE\PROYECTOS\bitacora-mpd\backend\src\main\java\com\bitacora\domain\model\activity\ActivityExtended.java:51:30: 'requesterId' oculta un campo. [HiddenField]
[WARN] B:\CODE\PROYECTOS\bitacora-mpd\backend\src\main\java\com\bitacora\domain\model\activity\ActivityExtended.java:51:43: El parßmetro notes deberÝa ser final. [FinalParameters]
[WARN] B:\CODE\PROYECTOS\bitacora-mpd\backend\src\main\java\com\bitacora\domain\model\activity\ActivityExtended.java:71:24: El parßmetro assignerId deberÝa ser final. [FinalParameters]
[WARN] B:\CODE\PROYECTOS\bitacora-mpd\backend\src\main\java\com\bitacora\domain\model\activity\ActivityExtended.java:71:29: 'assignerId' oculta un campo. [HiddenField]
[WARN] B:\CODE\PROYECTOS\bitacora-mpd\backend\src\main\java\com\bitacora\domain\model\activity\ActivityExtended.java:71:41: El parßmetro executorId deberÝa ser final. [FinalParameters]
[WARN] B:\CODE\PROYECTOS\bitacora-mpd\backend\src\main\java\com\bitacora\domain\model\activity\ActivityExtended.java:71:46: 'executorId' oculta un campo. [HiddenField]
[WARN] B:\CODE\PROYECTOS\bitacora-mpd\backend\src\main\java\com\bitacora\domain\model\activity\ActivityExtended.java:71:58: El parßmetro notes deberÝa ser final. [FinalParameters]
[WARN] B:\CODE\PROYECTOS\bitacora-mpd\backend\src\main\java\com\bitacora\domain\model\activity\ActivityExtended.java:84:23: El parßmetro notes deberÝa ser final. [FinalParameters]
[WARN] B:\CODE\PROYECTOS\bitacora-mpd\backend\src\main\java\com\bitacora\domain\model\activity\ActivityExtended.java:96:26: El parßmetro notes deberÝa ser final. [FinalParameters]
[WARN] B:\CODE\PROYECTOS\bitacora-mpd\backend\src\main\java\com\bitacora\domain\model\activity\ActivityExtended.java:96:40: El parßmetro actualHours deberÝa ser final. [FinalParameters]
[WARN] B:\CODE\PROYECTOS\bitacora-mpd\backend\src\main\java\com\bitacora\domain\model\activity\ActivityExtended.java:96:48: 'actualHours' oculta un campo. [HiddenField]
[WARN] B:\CODE\PROYECTOS\bitacora-mpd\backend\src\main\java\com\bitacora\domain\model\activity\ActivityExtended.java:108:25: El parßmetro notes deberÝa ser final. [FinalParameters]
[WARN] B:\CODE\PROYECTOS\bitacora-mpd\backend\src\main\java\com\bitacora\domain\model\activity\ActivityExtended.java:119:24: El parßmetro notes deberÝa ser final. [FinalParameters]
[WARN] B:\CODE\PROYECTOS\bitacora-mpd\backend\src\main\java\com\bitacora\domain\model\activity\ActivityExtended.java:130:24: El parßmetro notes deberÝa ser final. [FinalParameters]
[WARN] B:\CODE\PROYECTOS\bitacora-mpd\backend\src\main\java\com\bitacora\domain\model\activity\ActivityExtended.java:141:30: El parßmetro newStatus deberÝa ser final. [FinalParameters]
[WARN] B:\CODE\PROYECTOS\bitacora-mpd\backend\src\main\java\com\bitacora\domain\model\activity\ActivityExtended.java:156:46: El parßmetro newStatus deberÝa ser final. [FinalParameters]
[WARN] B:\CODE\PROYECTOS\bitacora-mpd\backend\src\main\java\com\bitacora\domain\model\user\Password.java:49:99: '+' deberÝa estar en una lÝnea nueva. [OperatorWrap]
[WARN] B:\CODE\PROYECTOS\bitacora-mpd\backend\src\main\java\com\bitacora\domain\model\user\Password.java:50:83: '+' deberÝa estar en una lÝnea nueva. [OperatorWrap]
[WARN] B:\CODE\PROYECTOS\bitacora-mpd\backend\src\main\java\com\bitacora\infrastructure\config\ActuatorConfig.java:44:25: El parßmetro webEndpointsSupplier deberÝa ser final. [FinalParameters]
[WARN] B:\CODE\PROYECTOS\bitacora-mpd\backend\src\main\java\com\bitacora\infrastructure\config\ActuatorConfig.java:45:25: El parßmetro servletEndpointsSupplier deberÝa ser final. [FinalParameters]
[WARN] B:\CODE\PROYECTOS\bitacora-mpd\backend\src\main\java\com\bitacora\infrastructure\config\ActuatorConfig.java:46:25: El parßmetro controllerEndpointsSupplier deberÝa ser final. [FinalParameters]
[WARN] B:\CODE\PROYECTOS\bitacora-mpd\backend\src\main\java\com\bitacora\infrastructure\config\ActuatorConfig.java:47:25: El parßmetro endpointMediaTypes deberÝa ser final. [FinalParameters]
[WARN] B:\CODE\PROYECTOS\bitacora-mpd\backend\src\main\java\com\bitacora\infrastructure\config\ActuatorConfig.java:48:25: El parßmetro corsProperties deberÝa ser final. [FinalParameters]
[WARN] B:\CODE\PROYECTOS\bitacora-mpd\backend\src\main\java\com\bitacora\infrastructure\config\ActuatorConfig.java:49:25: El parßmetro webEndpointProperties deberÝa ser final. [FinalParameters]
[WARN] B:\CODE\PROYECTOS\bitacora-mpd\backend\src\main\java\com\bitacora\infrastructure\config\ActuatorConfig.java:50:25: El parßmetro environment deberÝa ser final. [FinalParameters]
[WARN] B:\CODE\PROYECTOS\bitacora-mpd\backend\src\main\java\com\bitacora\infrastructure\config\ActuatorConfig.java:82:25: El parßmetro webEndpointProperties deberÝa ser final. [FinalParameters]
[WARN] B:\CODE\PROYECTOS\bitacora-mpd\backend\src\main\java\com\bitacora\infrastructure\config\ActuatorConfig.java:83:25: El parßmetro environment deberÝa ser final. [FinalParameters]
[WARN] B:\CODE\PROYECTOS\bitacora-mpd\backend\src\main\java\com\bitacora\infrastructure\config\ActuatorConfig.java:84:25: El parßmetro basePath deberÝa ser final. [FinalParameters]
[WARN] B:\CODE\PROYECTOS\bitacora-mpd\backend\src\main\java\com\bitacora\infrastructure\config\DataInitializer.java:51: La lÝnea es mayor de 120 caracteres (encontrado 128). [LineLength]
[WARN] B:\CODE\PROYECTOS\bitacora-mpd\backend\src\main\java\com\bitacora\infrastructure\config\FlywayConfig.java:39:26: El parßmetro dataSource deberÝa ser final. [FinalParameters]
[WARN] B:\CODE\PROYECTOS\bitacora-mpd\backend\src\main\java\com\bitacora\infrastructure\config\JpaConfig.java:36:72: El parßmetro dataSource deberÝa ser final. [FinalParameters]
[WARN] B:\CODE\PROYECTOS\bitacora-mpd\backend\src\main\java\com\bitacora\infrastructure\config\OpenApiConfig.java:48: La lÝnea es mayor de 120 caracteres (encontrado 145). [LineLength]
[WARN] B:\CODE\PROYECTOS\bitacora-mpd\backend\src\main\java\com\bitacora\infrastructure\config\OpenApiConfig.java:51: La lÝnea es mayor de 120 caracteres (encontrado 143). [LineLength]
[WARN] B:\CODE\PROYECTOS\bitacora-mpd\backend\src\main\java\com\bitacora\infrastructure\config\OpenApiConfig.java:64: La lÝnea es mayor de 120 caracteres (encontrado 128). [LineLength]
[WARN] B:\CODE\PROYECTOS\bitacora-mpd\backend\src\main\java\com\bitacora\infrastructure\config\OpenApiConfig.java:66: La lÝnea es mayor de 120 caracteres (encontrado 164). [LineLength]
[WARN] B:\CODE\PROYECTOS\bitacora-mpd\backend\src\main\java\com\bitacora\infrastructure\config\OpenApiExporter.java:87:18: El parßmetro e deberÝa ser final. [FinalParameters]
[WARN] B:\CODE\PROYECTOS\bitacora-mpd\backend\src\main\java\com\bitacora\infrastructure\config\OpenApiExporterCli.java:34:29: El parßmetro args deberÝa ser final. [FinalParameters]
[WARN] B:\CODE\PROYECTOS\bitacora-mpd\backend\src\main\java\com\bitacora\infrastructure\config\OpenApiExporterCli.java:38:5: Clase 'OpenApiExporterCli' se parece a dise±ada para la extensi¾n (puede ser una subclase), pero el mÚtodo 'exporterOpenAPI' no tiene javadoc que explica c¾mo hacerlo de forma segura. Si la clase no estß dise±ado para la extensi¾n de considerar la posibilidad de la clase 'OpenApiExporterCli' final o haciendo el mÚtodo 'exporterOpenAPI' anotaci¾n  static/final/abstract/empty, o la adici¾n permitido para el mÚtodo. [DesignForExtension]
[WARN] B:\CODE\PROYECTOS\bitacora-mpd\backend\src\main\java\com\bitacora\infrastructure\config\OpenApiExporterCli.java:38:5: Falta el comentario Javadoc. [MissingJavadocMethod]
[WARN] B:\CODE\PROYECTOS\bitacora-mpd\backend\src\main\java\com\bitacora\infrastructure\config\OpenApiExporterCli.java:49:5: Clase 'OpenApiExporterCli' se parece a dise±ada para la extensi¾n (puede ser una subclase), pero el mÚtodo 'publicApi' no tiene javadoc que explica c¾mo hacerlo de forma segura. Si la clase no estß dise±ado para la extensi¾n de considerar la posibilidad de la clase 'OpenApiExporterCli' final o haciendo el mÚtodo 'publicApi' anotaci¾n  static/final/abstract/empty, o la adici¾n permitido para el mÚtodo. [DesignForExtension]
[WARN] B:\CODE\PROYECTOS\bitacora-mpd\backend\src\main\java\com\bitacora\infrastructure\config\OpenApiExporterCli.java:49:5: Falta el comentario Javadoc. [MissingJavadocMethod]
[WARN] B:\CODE\PROYECTOS\bitacora-mpd\backend\src\main\java\com\bitacora\infrastructure\config\OpenApiExporterCli.java:57:5: Clase 'OpenApiExporterCli' se parece a dise±ada para la extensi¾n (puede ser una subclase), pero el mÚtodo 'exportOpenApiSpec' no tiene javadoc que explica c¾mo hacerlo de forma segura. Si la clase no estß dise±ado para la extensi¾n de considerar la posibilidad de la clase 'OpenApiExporterCli' final o haciendo el mÚtodo 'exportOpenApiSpec' anotaci¾n  static/final/abstract/empty, o la adici¾n permitido para el mÚtodo. [DesignForExtension]
[WARN] B:\CODE\PROYECTOS\bitacora-mpd\backend\src\main\java\com\bitacora\infrastructure\config\OpenApiExporterCli.java:57:5: Falta el comentario Javadoc. [MissingJavadocMethod]
[WARN] B:\CODE\PROYECTOS\bitacora-mpd\backend\src\main\java\com\bitacora\infrastructure\config\OpenApiExporterCli.java:58:48: El parßmetro exporterOpenAPI deberÝa ser final. [FinalParameters]
[WARN] B:\CODE\PROYECTOS\bitacora-mpd\backend\src\main\java\com\bitacora\infrastructure\config\WebSocketConfig.java:22:40: El parßmetro registry deberÝa ser final. [FinalParameters]
[WARN] B:\CODE\PROYECTOS\bitacora-mpd\backend\src\main\java\com\bitacora\infrastructure\config\WebSocketConfig.java:33:40: El parßmetro registry deberÝa ser final. [FinalParameters]
[WARN] B:\CODE\PROYECTOS\bitacora-mpd\backend\src\main\java\com\bitacora\infrastructure\persistence\entity\ActivityAttachmentEntity.java:8:27: Usar la importaci¾n con '.*' deberÝa evitarse - jakarta.persistence.*. [AvoidStarImport]
[WARN] B:\CODE\PROYECTOS\bitacora-mpd\backend\src\main\java\com\bitacora\infrastructure\persistence\entity\ActivityCategoryEntity.java:10:27: Usar la importaci¾n con '.*' deberÝa evitarse - jakarta.persistence.*. [AvoidStarImport]
[WARN] B:\CODE\PROYECTOS\bitacora-mpd\backend\src\main\java\com\bitacora\infrastructure\persistence\entity\ActivityCommentEntity.java:10:27: Usar la importaci¾n con '.*' deberÝa evitarse - jakarta.persistence.*. [AvoidStarImport]
[WARN] B:\CODE\PROYECTOS\bitacora-mpd\backend\src\main\java\com\bitacora\infrastructure\persistence\entity\ActivityEntity.java:3:27: Usar la importaci¾n con '.*' deberÝa evitarse - jakarta.persistence.*. [AvoidStarImport]
[WARN] B:\CODE\PROYECTOS\bitacora-mpd\backend\src\main\java\com\bitacora\infrastructure\persistence\entity\ActivityHistoryEntity.java:8:27: Usar la importaci¾n con '.*' deberÝa evitarse - jakarta.persistence.*. [AvoidStarImport]
[WARN] B:\CODE\PROYECTOS\bitacora-mpd\backend\src\main\java\com\bitacora\infrastructure\persistence\entity\UserEntity.java:3:27: Usar la importaci¾n con '.*' deberÝa evitarse - jakarta.persistence.*. [AvoidStarImport]
[WARN] B:\CODE\PROYECTOS\bitacora-mpd\backend\src\main\java\com\bitacora\infrastructure\persistence\mapper\ActivityAttachmentMapper.java:19:40: El parßmetro entity deberÝa ser final. [FinalParameters]
[WARN] B:\CODE\PROYECTOS\bitacora-mpd\backend\src\main\java\com\bitacora\infrastructure\persistence\mapper\ActivityAttachmentMapper.java:43:46: El parßmetro domain deberÝa ser final. [FinalParameters]
[WARN] B:\CODE\PROYECTOS\bitacora-mpd\backend\src\main\java\com\bitacora\infrastructure\persistence\mapper\ActivityCategoryEntityMapper.java:19:38: El parßmetro entity deberÝa ser final. [FinalParameters]
[WARN] B:\CODE\PROYECTOS\bitacora-mpd\backend\src\main\java\com\bitacora\infrastructure\persistence\mapper\ActivityCategoryEntityMapper.java:42:44: El parßmetro domain deberÝa ser final. [FinalParameters]
[WARN] B:\CODE\PROYECTOS\bitacora-mpd\backend\src\main\java\com\bitacora\infrastructure\persistence\mapper\ActivityCategoryMapper.java:19:38: El parßmetro entity deberÝa ser final. [FinalParameters]
[WARN] B:\CODE\PROYECTOS\bitacora-mpd\backend\src\main\java\com\bitacora\infrastructure\persistence\mapper\ActivityCategoryMapper.java:42:44: El parßmetro domain deberÝa ser final. [FinalParameters]
[WARN] B:\CODE\PROYECTOS\bitacora-mpd\backend\src\main\java\com\bitacora\infrastructure\persistence\mapper\ActivityCommentMapper.java:19:37: El parßmetro entity deberÝa ser final. [FinalParameters]
[WARN] B:\CODE\PROYECTOS\bitacora-mpd\backend\src\main\java\com\bitacora\infrastructure\persistence\mapper\ActivityCommentMapper.java:41:43: El parßmetro domain deberÝa ser final. [FinalParameters]
[WARN] B:\CODE\PROYECTOS\bitacora-mpd\backend\src\main\java\com\bitacora\infrastructure\persistence\mapper\ActivityExtendedMapper.java:22:38: El parßmetro entity deberÝa ser final. [FinalParameters]
[WARN] B:\CODE\PROYECTOS\bitacora-mpd\backend\src\main\java\com\bitacora\infrastructure\persistence\mapper\ActivityExtendedMapper.java:68:36: El parßmetro domain deberÝa ser final. [FinalParameters]
[WARN] B:\CODE\PROYECTOS\bitacora-mpd\backend\src\main\java\com\bitacora\infrastructure\persistence\mapper\ActivityExtendedMapper.java:114:42: El parßmetro activity deberÝa ser final. [FinalParameters]
[WARN] B:\CODE\PROYECTOS\bitacora-mpd\backend\src\main\java\com\bitacora\infrastructure\persistence\mapper\ActivityHistoryMapper.java:19:37: El parßmetro entity deberÝa ser final. [FinalParameters]
[WARN] B:\CODE\PROYECTOS\bitacora-mpd\backend\src\main\java\com\bitacora\infrastructure\persistence\mapper\ActivityHistoryMapper.java:42:43: El parßmetro domain deberÝa ser final. [FinalParameters]
[WARN] B:\CODE\PROYECTOS\bitacora-mpd\backend\src\main\java\com\bitacora\infrastructure\persistence\mapper\ActivityMapper.java:21:30: El parßmetro entity deberÝa ser final. [FinalParameters]
[WARN] B:\CODE\PROYECTOS\bitacora-mpd\backend\src\main\java\com\bitacora\infrastructure\persistence\mapper\ActivityMapper.java:52:36: El parßmetro domain deberÝa ser final. [FinalParameters]
[WARN] B:\CODE\PROYECTOS\bitacora-mpd\backend\src\main\java\com\bitacora\infrastructure\persistence\mapper\UserMapper.java:29:26: El parßmetro entity deberÝa ser final. [FinalParameters]
[WARN] B:\CODE\PROYECTOS\bitacora-mpd\backend\src\main\java\com\bitacora\infrastructure\persistence\mapper\UserMapper.java:62:32: El parßmetro domain deberÝa ser final. [FinalParameters]
[WARN] B:\CODE\PROYECTOS\bitacora-mpd\backend\src\main\java\com\bitacora\infrastructure\persistence\mapper\UserSessionMapper.java:19:33: El parßmetro entity deberÝa ser final. [FinalParameters]
[WARN] B:\CODE\PROYECTOS\bitacora-mpd\backend\src\main\java\com\bitacora\infrastructure\persistence\mapper\UserSessionMapper.java:49:39: El parßmetro domain deberÝa ser final. [FinalParameters]
[WARN] B:\CODE\PROYECTOS\bitacora-mpd\backend\src\main\java\com\bitacora\infrastructure\persistence\repository\ActivityAttachmentRepositoryImpl.java:30:13: El parßmetro activityAttachmentJpaRepository deberÝa ser final. [FinalParameters]
[WARN] B:\CODE\PROYECTOS\bitacora-mpd\backend\src\main\java\com\bitacora\infrastructure\persistence\repository\ActivityAttachmentRepositoryImpl.java:31:13: El parßmetro activityAttachmentMapper deberÝa ser final. [FinalParameters]
[WARN] B:\CODE\PROYECTOS\bitacora-mpd\backend\src\main\java\com\bitacora\infrastructure\persistence\repository\ActivityAttachmentRepositoryImpl.java:37:36: El parßmetro attachment deberÝa ser final. [FinalParameters]
[WARN] B:\CODE\PROYECTOS\bitacora-mpd\backend\src\main\java\com\bitacora\infrastructure\persistence\repository\ActivityAttachmentRepositoryImpl.java:44:50: El parßmetro id deberÝa ser final. [FinalParameters]
[WARN] B:\CODE\PROYECTOS\bitacora-mpd\backend\src\main\java\com\bitacora\infrastructure\persistence\repository\ActivityAttachmentRepositoryImpl.java:50:54: El parßmetro activityId deberÝa ser final. [FinalParameters]
[WARN] B:\CODE\PROYECTOS\bitacora-mpd\backend\src\main\java\com\bitacora\infrastructure\persistence\repository\ActivityAttachmentRepositoryImpl.java:57:54: El parßmetro activityId deberÝa ser final. [FinalParameters]
[WARN] B:\CODE\PROYECTOS\bitacora-mpd\backend\src\main\java\com\bitacora\infrastructure\persistence\repository\ActivityAttachmentRepositoryImpl.java:57:71: El parßmetro page deberÝa ser final. [FinalParameters]
[WARN] B:\CODE\PROYECTOS\bitacora-mpd\backend\src\main\java\com\bitacora\infrastructure\persistence\repository\ActivityAttachmentRepositoryImpl.java:57:81: El parßmetro size deberÝa ser final. [FinalParameters]
[WARN] B:\CODE\PROYECTOS\bitacora-mpd\backend\src\main\java\com\bitacora\infrastructure\persistence\repository\ActivityAttachmentRepositoryImpl.java:65:50: El parßmetro userId deberÝa ser final. [FinalParameters]
[WARN] B:\CODE\PROYECTOS\bitacora-mpd\backend\src\main\java\com\bitacora\infrastructure\persistence\repository\ActivityAttachmentRepositoryImpl.java:65:63: El parßmetro page deberÝa ser final. [FinalParameters]
[WARN] B:\CODE\PROYECTOS\bitacora-mpd\backend\src\main\java\com\bitacora\infrastructure\persistence\repository\ActivityAttachmentRepositoryImpl.java:65:73: El parßmetro size deberÝa ser final. [FinalParameters]
[WARN] B:\CODE\PROYECTOS\bitacora-mpd\backend\src\main\java\com\bitacora\infrastructure\persistence\repository\ActivityAttachmentRepositoryImpl.java:73:52: El parßmetro fileType deberÝa ser final. [FinalParameters]
[WARN] B:\CODE\PROYECTOS\bitacora-mpd\backend\src\main\java\com\bitacora\infrastructure\persistence\repository\ActivityAttachmentRepositoryImpl.java:73:69: El parßmetro page deberÝa ser final. [FinalParameters]
[WARN] B:\CODE\PROYECTOS\bitacora-mpd\backend\src\main\java\com\bitacora\infrastructure\persistence\repository\ActivityAttachmentRepositoryImpl.java:73:79: El parßmetro size deberÝa ser final. [FinalParameters]
[WARN] B:\CODE\PROYECTOS\bitacora-mpd\backend\src\main\java\com\bitacora\infrastructure\persistence\repository\ActivityAttachmentRepositoryImpl.java:81:35: El parßmetro activityId deberÝa ser final. [FinalParameters]
[WARN] B:\CODE\PROYECTOS\bitacora-mpd\backend\src\main\java\com\bitacora\infrastructure\persistence\repository\ActivityAttachmentRepositoryImpl.java:86:28: El parßmetro id deberÝa ser final. [FinalParameters]
[WARN] B:\CODE\PROYECTOS\bitacora-mpd\backend\src\main\java\com\bitacora\infrastructure\persistence\repository\ActivityCategoryJpaRepository.java:59:60: '+' deberÝa estar en una lÝnea nueva. [OperatorWrap]
[WARN] B:\CODE\PROYECTOS\bitacora-mpd\backend\src\main\java\com\bitacora\infrastructure\persistence\repository\ActivityCategoryJpaRepository.java:60:69: '+' deberÝa estar en una lÝnea nueva. [OperatorWrap]
[WARN] B:\CODE\PROYECTOS\bitacora-mpd\backend\src\main\java\com\bitacora\infrastructure\persistence\repository\ActivityCategoryRepositoryImpl.java:30:13: El parßmetro activityCategoryJpaRepository deberÝa ser final. [FinalParameters]
[WARN] B:\CODE\PROYECTOS\bitacora-mpd\backend\src\main\java\com\bitacora\infrastructure\persistence\repository\ActivityCategoryRepositoryImpl.java:31:13: El parßmetro activityCategoryMapper deberÝa ser final. [FinalParameters]
[WARN] B:\CODE\PROYECTOS\bitacora-mpd\backend\src\main\java\com\bitacora\infrastructure\persistence\repository\ActivityCategoryRepositoryImpl.java:37:34: El parßmetro category deberÝa ser final. [FinalParameters]
[WARN] B:\CODE\PROYECTOS\bitacora-mpd\backend\src\main\java\com\bitacora\infrastructure\persistence\repository\ActivityCategoryRepositoryImpl.java:44:48: El parßmetro id deberÝa ser final. [FinalParameters]
[WARN] B:\CODE\PROYECTOS\bitacora-mpd\backend\src\main\java\com\bitacora\infrastructure\persistence\repository\ActivityCategoryRepositoryImpl.java:57:56: El parßmetro name deberÝa ser final. [FinalParameters]
[WARN] B:\CODE\PROYECTOS\bitacora-mpd\backend\src\main\java\com\bitacora\infrastructure\persistence\repository\ActivityCategoryRepositoryImpl.java:71:51: El parßmetro creatorId deberÝa ser final. [FinalParameters]
[WARN] B:\CODE\PROYECTOS\bitacora-mpd\backend\src\main\java\com\bitacora\infrastructure\persistence\repository\ActivityCategoryRepositoryImpl.java:71:67: El parßmetro page deberÝa ser final. [FinalParameters]
[WARN] B:\CODE\PROYECTOS\bitacora-mpd\backend\src\main\java\com\bitacora\infrastructure\persistence\repository\ActivityCategoryRepositoryImpl.java:71:77: El parßmetro size deberÝa ser final. [FinalParameters]
[WARN] B:\CODE\PROYECTOS\bitacora-mpd\backend\src\main\java\com\bitacora\infrastructure\persistence\repository\ActivityCategoryRepositoryImpl.java:79:50: El parßmetro name deberÝa ser final. [FinalParameters]
[WARN] B:\CODE\PROYECTOS\bitacora-mpd\backend\src\main\java\com\bitacora\infrastructure\persistence\repository\ActivityCategoryRepositoryImpl.java:85:28: El parßmetro id deberÝa ser final. [FinalParameters]
[WARN] B:\CODE\PROYECTOS\bitacora-mpd\backend\src\main\java\com\bitacora\infrastructure\persistence\repository\ActivityCategoryRepositoryImpl.java:90:42: El parßmetro query deberÝa ser final. [FinalParameters]
[WARN] B:\CODE\PROYECTOS\bitacora-mpd\backend\src\main\java\com\bitacora\infrastructure\persistence\repository\ActivityCategoryRepositoryImpl.java:90:56: El parßmetro page deberÝa ser final. [FinalParameters]
[WARN] B:\CODE\PROYECTOS\bitacora-mpd\backend\src\main\java\com\bitacora\infrastructure\persistence\repository\ActivityCategoryRepositoryImpl.java:90:66: El parßmetro size deberÝa ser final. [FinalParameters]
[WARN] B:\CODE\PROYECTOS\bitacora-mpd\backend\src\main\java\com\bitacora\infrastructure\persistence\repository\ActivityCategoryRepositoryImpl.java:103:43: El parßmetro categories deberÝa ser final. [FinalParameters]
[WARN] B:\CODE\PROYECTOS\bitacora-mpd\backend\src\main\java\com\bitacora\infrastructure\persistence\repository\ActivityCommentRepositoryImpl.java:30:13: El parßmetro activityCommentJpaRepository deberÝa ser final. [FinalParameters]
[WARN] B:\CODE\PROYECTOS\bitacora-mpd\backend\src\main\java\com\bitacora\infrastructure\persistence\repository\ActivityCommentRepositoryImpl.java:31:13: El parßmetro activityCommentMapper deberÝa ser final. [FinalParameters]
[WARN] B:\CODE\PROYECTOS\bitacora-mpd\backend\src\main\java\com\bitacora\infrastructure\persistence\repository\ActivityCommentRepositoryImpl.java:37:33: El parßmetro comment deberÝa ser final. [FinalParameters]
[WARN] B:\CODE\PROYECTOS\bitacora-mpd\backend\src\main\java\com\bitacora\infrastructure\persistence\repository\ActivityCommentRepositoryImpl.java:44:47: El parßmetro id deberÝa ser final. [FinalParameters]
[WARN] B:\CODE\PROYECTOS\bitacora-mpd\backend\src\main\java\com\bitacora\infrastructure\persistence\repository\ActivityCommentRepositoryImpl.java:50:51: El parßmetro activityId deberÝa ser final. [FinalParameters]
[WARN] B:\CODE\PROYECTOS\bitacora-mpd\backend\src\main\java\com\bitacora\infrastructure\persistence\repository\ActivityCommentRepositoryImpl.java:57:51: El parßmetro activityId deberÝa ser final. [FinalParameters]
[WARN] B:\CODE\PROYECTOS\bitacora-mpd\backend\src\main\java\com\bitacora\infrastructure\persistence\repository\ActivityCommentRepositoryImpl.java:57:68: El parßmetro page deberÝa ser final. [FinalParameters]
[WARN] B:\CODE\PROYECTOS\bitacora-mpd\backend\src\main\java\com\bitacora\infrastructure\persistence\repository\ActivityCommentRepositoryImpl.java:57:78: El parßmetro size deberÝa ser final. [FinalParameters]
[WARN] B:\CODE\PROYECTOS\bitacora-mpd\backend\src\main\java\com\bitacora\infrastructure\persistence\repository\ActivityCommentRepositoryImpl.java:65:47: El parßmetro userId deberÝa ser final. [FinalParameters]
[WARN] B:\CODE\PROYECTOS\bitacora-mpd\backend\src\main\java\com\bitacora\infrastructure\persistence\repository\ActivityCommentRepositoryImpl.java:65:60: El parßmetro page deberÝa ser final. [FinalParameters]
[WARN] B:\CODE\PROYECTOS\bitacora-mpd\backend\src\main\java\com\bitacora\infrastructure\persistence\repository\ActivityCommentRepositoryImpl.java:65:70: El parßmetro size deberÝa ser final. [FinalParameters]
[WARN] B:\CODE\PROYECTOS\bitacora-mpd\backend\src\main\java\com\bitacora\infrastructure\persistence\repository\ActivityCommentRepositoryImpl.java:73:35: El parßmetro activityId deberÝa ser final. [FinalParameters]
[WARN] B:\CODE\PROYECTOS\bitacora-mpd\backend\src\main\java\com\bitacora\infrastructure\persistence\repository\ActivityCommentRepositoryImpl.java:78:28: El parßmetro id deberÝa ser final. [FinalParameters]
[WARN] B:\CODE\PROYECTOS\bitacora-mpd\backend\src\main\java\com\bitacora\infrastructure\persistence\repository\ActivityHistoryJpaRepository.java:61: La lÝnea es mayor de 120 caracteres (encontrado 123). [LineLength]
[WARN] B:\CODE\PROYECTOS\bitacora-mpd\backend\src\main\java\com\bitacora\infrastructure\persistence\repository\ActivityHistoryRepositoryImpl.java:31:13: El parßmetro activityHistoryJpaRepository deberÝa ser final. [FinalParameters]
[WARN] B:\CODE\PROYECTOS\bitacora-mpd\backend\src\main\java\com\bitacora\infrastructure\persistence\repository\ActivityHistoryRepositoryImpl.java:32:13: El parßmetro activityHistoryMapper deberÝa ser final. [FinalParameters]
[WARN] B:\CODE\PROYECTOS\bitacora-mpd\backend\src\main\java\com\bitacora\infrastructure\persistence\repository\ActivityHistoryRepositoryImpl.java:38:33: El parßmetro history deberÝa ser final. [FinalParameters]
[WARN] B:\CODE\PROYECTOS\bitacora-mpd\backend\src\main\java\com\bitacora\infrastructure\persistence\repository\ActivityHistoryRepositoryImpl.java:45:47: El parßmetro id deberÝa ser final. [FinalParameters]
[WARN] B:\CODE\PROYECTOS\bitacora-mpd\backend\src\main\java\com\bitacora\infrastructure\persistence\repository\ActivityHistoryRepositoryImpl.java:51:51: El parßmetro activityId deberÝa ser final. [FinalParameters]
[WARN] B:\CODE\PROYECTOS\bitacora-mpd\backend\src\main\java\com\bitacora\infrastructure\persistence\repository\ActivityHistoryRepositoryImpl.java:58:51: El parßmetro activityId deberÝa ser final. [FinalParameters]
[WARN] B:\CODE\PROYECTOS\bitacora-mpd\backend\src\main\java\com\bitacora\infrastructure\persistence\repository\ActivityHistoryRepositoryImpl.java:58:68: El parßmetro page deberÝa ser final. [FinalParameters]
[WARN] B:\CODE\PROYECTOS\bitacora-mpd\backend\src\main\java\com\bitacora\infrastructure\persistence\repository\ActivityHistoryRepositoryImpl.java:58:78: El parßmetro size deberÝa ser final. [FinalParameters]
[WARN] B:\CODE\PROYECTOS\bitacora-mpd\backend\src\main\java\com\bitacora\infrastructure\persistence\repository\ActivityHistoryRepositoryImpl.java:66:47: El parßmetro userId deberÝa ser final. [FinalParameters]
[WARN] B:\CODE\PROYECTOS\bitacora-mpd\backend\src\main\java\com\bitacora\infrastructure\persistence\repository\ActivityHistoryRepositoryImpl.java:66:60: El parßmetro page deberÝa ser final. [FinalParameters]
[WARN] B:\CODE\PROYECTOS\bitacora-mpd\backend\src\main\java\com\bitacora\infrastructure\persistence\repository\ActivityHistoryRepositoryImpl.java:66:70: El parßmetro size deberÝa ser final. [FinalParameters]
[WARN] B:\CODE\PROYECTOS\bitacora-mpd\backend\src\main\java\com\bitacora\infrastructure\persistence\repository\ActivityHistoryRepositoryImpl.java:74:50: El parßmetro newStatus deberÝa ser final. [FinalParameters]
[WARN] B:\CODE\PROYECTOS\bitacora-mpd\backend\src\main\java\com\bitacora\infrastructure\persistence\repository\ActivityHistoryRepositoryImpl.java:74:68: El parßmetro page deberÝa ser final. [FinalParameters]
[WARN] B:\CODE\PROYECTOS\bitacora-mpd\backend\src\main\java\com\bitacora\infrastructure\persistence\repository\ActivityHistoryRepositoryImpl.java:74:78: El parßmetro size deberÝa ser final. [FinalParameters]
[WARN] B:\CODE\PROYECTOS\bitacora-mpd\backend\src\main\java\com\bitacora\infrastructure\persistence\repository\ActivityHistoryRepositoryImpl.java:82: La lÝnea es mayor de 120 caracteres (encontrado 126). [LineLength]
[WARN] B:\CODE\PROYECTOS\bitacora-mpd\backend\src\main\java\com\bitacora\infrastructure\persistence\repository\ActivityHistoryRepositoryImpl.java:82:58: El parßmetro startDate deberÝa ser final. [FinalParameters]
[WARN] B:\CODE\PROYECTOS\bitacora-mpd\backend\src\main\java\com\bitacora\infrastructure\persistence\repository\ActivityHistoryRepositoryImpl.java:82:83: El parßmetro endDate deberÝa ser final. [FinalParameters]
[WARN] B:\CODE\PROYECTOS\bitacora-mpd\backend\src\main\java\com\bitacora\infrastructure\persistence\repository\ActivityHistoryRepositoryImpl.java:82:106: El parßmetro page deberÝa ser final. [FinalParameters]
[WARN] B:\CODE\PROYECTOS\bitacora-mpd\backend\src\main\java\com\bitacora\infrastructure\persistence\repository\ActivityHistoryRepositoryImpl.java:82:116: El parßmetro size deberÝa ser final. [FinalParameters]
[WARN] B:\CODE\PROYECTOS\bitacora-mpd\backend\src\main\java\com\bitacora\infrastructure\persistence\repository\ActivityHistoryRepositoryImpl.java:90:28: El parßmetro id deberÝa ser final. [FinalParameters]
[WARN] B:\CODE\PROYECTOS\bitacora-mpd\backend\src\main\java\com\bitacora\infrastructure\persistence\repository\ActivityJpaRepository.java:95:56: '+' deberÝa estar en una lÝnea nueva. [OperatorWrap]
[WARN] B:\CODE\PROYECTOS\bitacora-mpd\backend\src\main\java\com\bitacora\infrastructure\persistence\repository\ActivityJpaRepository.java:96:89: '+' deberÝa estar en una lÝnea nueva. [OperatorWrap]
[WARN] B:\CODE\PROYECTOS\bitacora-mpd\backend\src\main\java\com\bitacora\infrastructure\persistence\repository\ActivityJpaRepository.java:97:87: '+' deberÝa estar en una lÝnea nueva. [OperatorWrap]
[WARN] B:\CODE\PROYECTOS\bitacora-mpd\backend\src\main\java\com\bitacora\infrastructure\persistence\repository\ActivityJpaRepository.java:98:84: '+' deberÝa estar en una lÝnea nueva. [OperatorWrap]
[WARN] B:\CODE\PROYECTOS\bitacora-mpd\backend\src\main\java\com\bitacora\infrastructure\persistence\repository\ActivityJpaRepository.java:99:86: '+' deberÝa estar en una lÝnea nueva. [OperatorWrap]
[WARN] B:\CODE\PROYECTOS\bitacora-mpd\backend\src\main\java\com\bitacora\infrastructure\persistence\repository\ActivityJpaRepository.java:100:84: '+' deberÝa estar en una lÝnea nueva. [OperatorWrap]
[WARN] B:\CODE\PROYECTOS\bitacora-mpd\backend\src\main\java\com\bitacora\infrastructure\persistence\repository\ActivityJpaRepository.java:159:63: '+' deberÝa estar en una lÝnea nueva. [OperatorWrap]
[WARN] B:\CODE\PROYECTOS\bitacora-mpd\backend\src\main\java\com\bitacora\infrastructure\persistence\repository\ActivityJpaRepository.java:160:89: '+' deberÝa estar en una lÝnea nueva. [OperatorWrap]
[WARN] B:\CODE\PROYECTOS\bitacora-mpd\backend\src\main\java\com\bitacora\infrastructure\persistence\repository\ActivityJpaRepository.java:161:87: '+' deberÝa estar en una lÝnea nueva. [OperatorWrap]
[WARN] B:\CODE\PROYECTOS\bitacora-mpd\backend\src\main\java\com\bitacora\infrastructure\persistence\repository\ActivityJpaRepository.java:162:84: '+' deberÝa estar en una lÝnea nueva. [OperatorWrap]
[WARN] B:\CODE\PROYECTOS\bitacora-mpd\backend\src\main\java\com\bitacora\infrastructure\persistence\repository\ActivityJpaRepository.java:163:86: '+' deberÝa estar en una lÝnea nueva. [OperatorWrap]
[WARN] B:\CODE\PROYECTOS\bitacora-mpd\backend\src\main\java\com\bitacora\infrastructure\persistence\repository\ActivityJpaRepository.java:164:84: '+' deberÝa estar en una lÝnea nueva. [OperatorWrap]
[WARN] B:\CODE\PROYECTOS\bitacora-mpd\backend\src\main\java\com\bitacora\infrastructure\persistence\repository\ActivityJpaRepository.java:174:100: '+' deberÝa estar en una lÝnea nueva. [OperatorWrap]
[WARN] B:\CODE\PROYECTOS\bitacora-mpd\backend\src\main\java\com\bitacora\infrastructure\persistence\repository\ActivityJpaRepository.java:175:113: '+' deberÝa estar en una lÝnea nueva. [OperatorWrap]
[WARN] B:\CODE\PROYECTOS\bitacora-mpd\backend\src\main\java\com\bitacora\infrastructure\persistence\repository\ActivityJpaRepository.java:186:100: '+' deberÝa estar en una lÝnea nueva. [OperatorWrap]
[WARN] B:\CODE\PROYECTOS\bitacora-mpd\backend\src\main\java\com\bitacora\infrastructure\persistence\repository\ActivityJpaRepository.java:187:113: '+' deberÝa estar en una lÝnea nueva. [OperatorWrap]
[WARN] B:\CODE\PROYECTOS\bitacora-mpd\backend\src\main\java\com\bitacora\infrastructure\persistence\repository\ActivityJpaRepository.java:198:100: '+' deberÝa estar en una lÝnea nueva. [OperatorWrap]
[WARN] B:\CODE\PROYECTOS\bitacora-mpd\backend\src\main\java\com\bitacora\infrastructure\persistence\repository\ActivityJpaRepository.java:199:113: '+' deberÝa estar en una lÝnea nueva. [OperatorWrap]
[WARN] B:\CODE\PROYECTOS\bitacora-mpd\backend\src\main\java\com\bitacora\infrastructure\persistence\repository\ActivityRepositoryImpl.java:33:26: El parßmetro activity deberÝa ser final. [FinalParameters]
[WARN] B:\CODE\PROYECTOS\bitacora-mpd\backend\src\main\java\com\bitacora\infrastructure\persistence\repository\ActivityRepositoryImpl.java:40:40: El parßmetro id deberÝa ser final. [FinalParameters]
[WARN] B:\CODE\PROYECTOS\bitacora-mpd\backend\src\main\java\com\bitacora\infrastructure\persistence\repository\ActivityRepositoryImpl.java:46:35: El parßmetro page deberÝa ser final. [FinalParameters]
[WARN] B:\CODE\PROYECTOS\bitacora-mpd\backend\src\main\java\com\bitacora\infrastructure\persistence\repository\ActivityRepositoryImpl.java:46:45: El parßmetro size deberÝa ser final. [FinalParameters]
[WARN] B:\CODE\PROYECTOS\bitacora-mpd\backend\src\main\java\com\bitacora\infrastructure\persistence\repository\ActivityRepositoryImpl.java:55:38: El parßmetro type deberÝa ser final. [FinalParameters]
[WARN] B:\CODE\PROYECTOS\bitacora-mpd\backend\src\main\java\com\bitacora\infrastructure\persistence\repository\ActivityRepositoryImpl.java:55:57: El parßmetro page deberÝa ser final. [FinalParameters]
[WARN] B:\CODE\PROYECTOS\bitacora-mpd\backend\src\main\java\com\bitacora\infrastructure\persistence\repository\ActivityRepositoryImpl.java:55:67: El parßmetro size deberÝa ser final. [FinalParameters]
[WARN] B:\CODE\PROYECTOS\bitacora-mpd\backend\src\main\java\com\bitacora\infrastructure\persistence\repository\ActivityRepositoryImpl.java:64:40: El parßmetro status deberÝa ser final. [FinalParameters]
[WARN] B:\CODE\PROYECTOS\bitacora-mpd\backend\src\main\java\com\bitacora\infrastructure\persistence\repository\ActivityRepositoryImpl.java:64:63: El parßmetro page deberÝa ser final. [FinalParameters]
[WARN] B:\CODE\PROYECTOS\bitacora-mpd\backend\src\main\java\com\bitacora\infrastructure\persistence\repository\ActivityRepositoryImpl.java:64:73: El parßmetro size deberÝa ser final. [FinalParameters]
[WARN] B:\CODE\PROYECTOS\bitacora-mpd\backend\src\main\java\com\bitacora\infrastructure\persistence\repository\ActivityRepositoryImpl.java:73:40: El parßmetro userId deberÝa ser final. [FinalParameters]
[WARN] B:\CODE\PROYECTOS\bitacora-mpd\backend\src\main\java\com\bitacora\infrastructure\persistence\repository\ActivityRepositoryImpl.java:73:53: El parßmetro page deberÝa ser final. [FinalParameters]
[WARN] B:\CODE\PROYECTOS\bitacora-mpd\backend\src\main\java\com\bitacora\infrastructure\persistence\repository\ActivityRepositoryImpl.java:73:63: El parßmetro size deberÝa ser final. [FinalParameters]
[WARN] B:\CODE\PROYECTOS\bitacora-mpd\backend\src\main\java\com\bitacora\infrastructure\persistence\repository\ActivityRepositoryImpl.java:82:45: El parßmetro requesterId deberÝa ser final. [FinalParameters]
[WARN] B:\CODE\PROYECTOS\bitacora-mpd\backend\src\main\java\com\bitacora\infrastructure\persistence\repository\ActivityRepositoryImpl.java:82:63: El parßmetro page deberÝa ser final. [FinalParameters]
[WARN] B:\CODE\PROYECTOS\bitacora-mpd\backend\src\main\java\com\bitacora\infrastructure\persistence\repository\ActivityRepositoryImpl.java:82:73: El parßmetro size deberÝa ser final. [FinalParameters]
[WARN] B:\CODE\PROYECTOS\bitacora-mpd\backend\src\main\java\com\bitacora\infrastructure\persistence\repository\ActivityRepositoryImpl.java:91:45: El parßmetro startDate deberÝa ser final. [FinalParameters]
[WARN] B:\CODE\PROYECTOS\bitacora-mpd\backend\src\main\java\com\bitacora\infrastructure\persistence\repository\ActivityRepositoryImpl.java:91:70: El parßmetro endDate deberÝa ser final. [FinalParameters]
[WARN] B:\CODE\PROYECTOS\bitacora-mpd\backend\src\main\java\com\bitacora\infrastructure\persistence\repository\ActivityRepositoryImpl.java:91:93: El parßmetro page deberÝa ser final. [FinalParameters]
[WARN] B:\CODE\PROYECTOS\bitacora-mpd\backend\src\main\java\com\bitacora\infrastructure\persistence\repository\ActivityRepositoryImpl.java:91:103: El parßmetro size deberÝa ser final. [FinalParameters]
[WARN] B:\CODE\PROYECTOS\bitacora-mpd\backend\src\main\java\com\bitacora\infrastructure\persistence\repository\ActivityRepositoryImpl.java:100:45: El parßmetro startDate deberÝa ser final. [FinalParameters]
[WARN] B:\CODE\PROYECTOS\bitacora-mpd\backend\src\main\java\com\bitacora\infrastructure\persistence\repository\ActivityRepositoryImpl.java:100:70: El parßmetro endDate deberÝa ser final. [FinalParameters]
[WARN] B:\CODE\PROYECTOS\bitacora-mpd\backend\src\main\java\com\bitacora\infrastructure\persistence\repository\ActivityRepositoryImpl.java:108:40: El parßmetro person deberÝa ser final. [FinalParameters]
[WARN] B:\CODE\PROYECTOS\bitacora-mpd\backend\src\main\java\com\bitacora\infrastructure\persistence\repository\ActivityRepositoryImpl.java:108:55: El parßmetro page deberÝa ser final. [FinalParameters]
[WARN] B:\CODE\PROYECTOS\bitacora-mpd\backend\src\main\java\com\bitacora\infrastructure\persistence\repository\ActivityRepositoryImpl.java:108:65: El parßmetro size deberÝa ser final. [FinalParameters]
[WARN] B:\CODE\PROYECTOS\bitacora-mpd\backend\src\main\java\com\bitacora\infrastructure\persistence\repository\ActivityRepositoryImpl.java:117:34: El parßmetro query deberÝa ser final. [FinalParameters]
[WARN] B:\CODE\PROYECTOS\bitacora-mpd\backend\src\main\java\com\bitacora\infrastructure\persistence\repository\ActivityRepositoryImpl.java:117:48: El parßmetro page deberÝa ser final. [FinalParameters]
[WARN] B:\CODE\PROYECTOS\bitacora-mpd\backend\src\main\java\com\bitacora\infrastructure\persistence\repository\ActivityRepositoryImpl.java:117:58: El parßmetro size deberÝa ser final. [FinalParameters]
[WARN] B:\CODE\PROYECTOS\bitacora-mpd\backend\src\main\java\com\bitacora\infrastructure\persistence\repository\ActivityRepositoryImpl.java:131:31: El parßmetro userId deberÝa ser final. [FinalParameters]
[WARN] B:\CODE\PROYECTOS\bitacora-mpd\backend\src\main\java\com\bitacora\infrastructure\persistence\repository\ActivityRepositoryImpl.java:136:36: El parßmetro requesterId deberÝa ser final. [FinalParameters]
[WARN] B:\CODE\PROYECTOS\bitacora-mpd\backend\src\main\java\com\bitacora\infrastructure\persistence\repository\ActivityRepositoryImpl.java:141:29: El parßmetro type deberÝa ser final. [FinalParameters]
[WARN] B:\CODE\PROYECTOS\bitacora-mpd\backend\src\main\java\com\bitacora\infrastructure\persistence\repository\ActivityRepositoryImpl.java:146:31: El parßmetro status deberÝa ser final. [FinalParameters]
[WARN] B:\CODE\PROYECTOS\bitacora-mpd\backend\src\main\java\com\bitacora\infrastructure\persistence\repository\ActivityRepositoryImpl.java:151:36: El parßmetro startDate deberÝa ser final. [FinalParameters]
[WARN] B:\CODE\PROYECTOS\bitacora-mpd\backend\src\main\java\com\bitacora\infrastructure\persistence\repository\ActivityRepositoryImpl.java:151:61: El parßmetro endDate deberÝa ser final. [FinalParameters]
[WARN] B:\CODE\PROYECTOS\bitacora-mpd\backend\src\main\java\com\bitacora\infrastructure\persistence\repository\ActivityRepositoryImpl.java:156:31: El parßmetro person deberÝa ser final. [FinalParameters]
[WARN] B:\CODE\PROYECTOS\bitacora-mpd\backend\src\main\java\com\bitacora\infrastructure\persistence\repository\ActivityRepositoryImpl.java:161:29: El parßmetro query deberÝa ser final. [FinalParameters]
[WARN] B:\CODE\PROYECTOS\bitacora-mpd\backend\src\main\java\com\bitacora\infrastructure\persistence\repository\ActivityRepositoryImpl.java:166:43: El parßmetro filters deberÝa ser final. [FinalParameters]
[WARN] B:\CODE\PROYECTOS\bitacora-mpd\backend\src\main\java\com\bitacora\infrastructure\persistence\repository\ActivityRepositoryImpl.java:166:72: El parßmetro page deberÝa ser final. [FinalParameters]
[WARN] B:\CODE\PROYECTOS\bitacora-mpd\backend\src\main\java\com\bitacora\infrastructure\persistence\repository\ActivityRepositoryImpl.java:166:82: El parßmetro size deberÝa ser final. [FinalParameters]
[WARN] B:\CODE\PROYECTOS\bitacora-mpd\backend\src\main\java\com\bitacora\infrastructure\persistence\repository\ActivityRepositoryImpl.java:177:34: El parßmetro filters deberÝa ser final. [FinalParameters]
[WARN] B:\CODE\PROYECTOS\bitacora-mpd\backend\src\main\java\com\bitacora\infrastructure\persistence\repository\ActivityRepositoryImpl.java:188:73: El parßmetro filters deberÝa ser final. [FinalParameters]
[WARN] B:\CODE\PROYECTOS\bitacora-mpd\backend\src\main\java\com\bitacora\infrastructure\persistence\repository\ActivityRepositoryImpl.java:226:28: El parßmetro id deberÝa ser final. [FinalParameters]
[WARN] B:\CODE\PROYECTOS\bitacora-mpd\backend\src\main\java\com\bitacora\infrastructure\persistence\repository\UserRepositoryImpl.java:28:22: El parßmetro user deberÝa ser final. [FinalParameters]
[WARN] B:\CODE\PROYECTOS\bitacora-mpd\backend\src\main\java\com\bitacora\infrastructure\persistence\repository\UserRepositoryImpl.java:35:36: El parßmetro id deberÝa ser final. [FinalParameters]
[WARN] B:\CODE\PROYECTOS\bitacora-mpd\backend\src\main\java\com\bitacora\infrastructure\persistence\repository\UserRepositoryImpl.java:41:42: El parßmetro username deberÝa ser final. [FinalParameters]
[WARN] B:\CODE\PROYECTOS\bitacora-mpd\backend\src\main\java\com\bitacora\infrastructure\persistence\repository\UserRepositoryImpl.java:47:39: El parßmetro email deberÝa ser final. [FinalParameters]
[WARN] B:\CODE\PROYECTOS\bitacora-mpd\backend\src\main\java\com\bitacora\infrastructure\persistence\repository\UserRepositoryImpl.java:53:31: El parßmetro page deberÝa ser final. [FinalParameters]
[WARN] B:\CODE\PROYECTOS\bitacora-mpd\backend\src\main\java\com\bitacora\infrastructure\persistence\repository\UserRepositoryImpl.java:53:41: El parßmetro size deberÝa ser final. [FinalParameters]
[WARN] B:\CODE\PROYECTOS\bitacora-mpd\backend\src\main\java\com\bitacora\infrastructure\persistence\repository\UserRepositoryImpl.java:62:40: El parßmetro department deberÝa ser final. [FinalParameters]
[WARN] B:\CODE\PROYECTOS\bitacora-mpd\backend\src\main\java\com\bitacora\infrastructure\persistence\repository\UserRepositoryImpl.java:62:59: El parßmetro page deberÝa ser final. [FinalParameters]
[WARN] B:\CODE\PROYECTOS\bitacora-mpd\backend\src\main\java\com\bitacora\infrastructure\persistence\repository\UserRepositoryImpl.java:62:69: El parßmetro size deberÝa ser final. [FinalParameters]
[WARN] B:\CODE\PROYECTOS\bitacora-mpd\backend\src\main\java\com\bitacora\infrastructure\persistence\repository\UserRepositoryImpl.java:71:34: El parßmetro role deberÝa ser final. [FinalParameters]
[WARN] B:\CODE\PROYECTOS\bitacora-mpd\backend\src\main\java\com\bitacora\infrastructure\persistence\repository\UserRepositoryImpl.java:71:49: El parßmetro page deberÝa ser final. [FinalParameters]
[WARN] B:\CODE\PROYECTOS\bitacora-mpd\backend\src\main\java\com\bitacora\infrastructure\persistence\repository\UserRepositoryImpl.java:71:59: El parßmetro size deberÝa ser final. [FinalParameters]
[WARN] B:\CODE\PROYECTOS\bitacora-mpd\backend\src\main\java\com\bitacora\infrastructure\persistence\repository\UserRepositoryImpl.java:85:35: El parßmetro department deberÝa ser final. [FinalParameters]
[WARN] B:\CODE\PROYECTOS\bitacora-mpd\backend\src\main\java\com\bitacora\infrastructure\persistence\repository\UserRepositoryImpl.java:90:29: El parßmetro role deberÝa ser final. [FinalParameters]
[WARN] B:\CODE\PROYECTOS\bitacora-mpd\backend\src\main\java\com\bitacora\infrastructure\persistence\repository\UserRepositoryImpl.java:95:28: El parßmetro id deberÝa ser final. [FinalParameters]
[WARN] B:\CODE\PROYECTOS\bitacora-mpd\backend\src\main\java\com\bitacora\infrastructure\persistence\repository\UserSessionJpaRepository.java:101:96: '+' deberÝa estar en una lÝnea nueva. [OperatorWrap]
[WARN] B:\CODE\PROYECTOS\bitacora-mpd\backend\src\main\java\com\bitacora\infrastructure\persistence\specification\ActivitySpecifications.java:118:55: El parßmetro specs deberÝa ser final. [FinalParameters]
[WARN] B:\CODE\PROYECTOS\bitacora-mpd\backend\src\main\java\com\bitacora\infrastructure\rest\controller\ActivityCategoryController.java:12:47: Usar la importaci¾n con '.*' deberÝa evitarse - org.springframework.web.bind.annotation.*. [AvoidStarImport]
[WARN] B:\CODE\PROYECTOS\bitacora-mpd\backend\src\main\java\com\bitacora\infrastructure\rest\controller\ActivityCategoryController.java:29:5: Clase 'ActivityCategoryController' se parece a dise±ada para la extensi¾n (puede ser una subclase), pero el mÚtodo 'createCategory' no tiene javadoc que explica c¾mo hacerlo de forma segura. Si la clase no estß dise±ado para la extensi¾n de considerar la posibilidad de la clase 'ActivityCategoryController' final o haciendo el mÚtodo 'createCategory' anotaci¾n  static/final/abstract/empty, o la adici¾n permitido para el mÚtodo. [DesignForExtension]
[WARN] B:\CODE\PROYECTOS\bitacora-mpd\backend\src\main\java\com\bitacora\infrastructure\rest\controller\ActivityCategoryController.java:29:5: Falta el comentario Javadoc. [MissingJavadocMethod]
[WARN] B:\CODE\PROYECTOS\bitacora-mpd\backend\src\main\java\com\bitacora\infrastructure\rest\controller\ActivityCategoryController.java:31:63: El parßmetro categoryDTO deberÝa ser final. [FinalParameters]
[WARN] B:\CODE\PROYECTOS\bitacora-mpd\backend\src\main\java\com\bitacora\infrastructure\rest\controller\ActivityCategoryController.java:41:5: Clase 'ActivityCategoryController' se parece a dise±ada para la extensi¾n (puede ser una subclase), pero el mÚtodo 'updateCategory' no tiene javadoc que explica c¾mo hacerlo de forma segura. Si la clase no estß dise±ado para la extensi¾n de considerar la posibilidad de la clase 'ActivityCategoryController' final o haciendo el mÚtodo 'updateCategory' anotaci¾n  static/final/abstract/empty, o la adici¾n permitido para el mÚtodo. [DesignForExtension]
[WARN] B:\CODE\PROYECTOS\bitacora-mpd\backend\src\main\java\com\bitacora\infrastructure\rest\controller\ActivityCategoryController.java:41:5: Falta el comentario Javadoc. [MissingJavadocMethod]
[WARN] B:\CODE\PROYECTOS\bitacora-mpd\backend\src\main\java\com\bitacora\infrastructure\rest\controller\ActivityCategoryController.java:44:13: El parßmetro id deberÝa ser final. [FinalParameters]
[WARN] B:\CODE\PROYECTOS\bitacora-mpd\backend\src\main\java\com\bitacora\infrastructure\rest\controller\ActivityCategoryController.java:45:13: El parßmetro categoryDTO deberÝa ser final. [FinalParameters]
[WARN] B:\CODE\PROYECTOS\bitacora-mpd\backend\src\main\java\com\bitacora\infrastructure\rest\controller\ActivityCategoryController.java:56:5: Clase 'ActivityCategoryController' se parece a dise±ada para la extensi¾n (puede ser una subclase), pero el mÚtodo 'getCategoryById' no tiene javadoc que explica c¾mo hacerlo de forma segura. Si la clase no estß dise±ado para la extensi¾n de considerar la posibilidad de la clase 'ActivityCategoryController' final o haciendo el mÚtodo 'getCategoryById' anotaci¾n  static/final/abstract/empty, o la adici¾n permitido para el mÚtodo. [DesignForExtension]
[WARN] B:\CODE\PROYECTOS\bitacora-mpd\backend\src\main\java\com\bitacora\infrastructure\rest\controller\ActivityCategoryController.java:58:64: El parßmetro id deberÝa ser final. [FinalParameters]
[WARN] B:\CODE\PROYECTOS\bitacora-mpd\backend\src\main\java\com\bitacora\infrastructure\rest\controller\ActivityCategoryController.java:63:5: Clase 'ActivityCategoryController' se parece a dise±ada para la extensi¾n (puede ser una subclase), pero el mÚtodo 'getAllCategories' no tiene javadoc que explica c¾mo hacerlo de forma segura. Si la clase no estß dise±ado para la extensi¾n de considerar la posibilidad de la clase 'ActivityCategoryController' final o haciendo el mÚtodo 'getAllCategories' anotaci¾n  static/final/abstract/empty, o la adici¾n permitido para el mÚtodo. [DesignForExtension]
[WARN] B:\CODE\PROYECTOS\bitacora-mpd\backend\src\main\java\com\bitacora\infrastructure\rest\controller\ActivityCategoryController.java:70:5: Clase 'ActivityCategoryController' se parece a dise±ada para la extensi¾n (puede ser una subclase), pero el mÚtodo 'getDefaultCategories' no tiene javadoc que explica c¾mo hacerlo de forma segura. Si la clase no estß dise±ado para la extensi¾n de considerar la posibilidad de la clase 'ActivityCategoryController' final o haciendo el mÚtodo 'getDefaultCategories' anotaci¾n  static/final/abstract/empty, o la adici¾n permitido para el mÚtodo. [DesignForExtension]
[WARN] B:\CODE\PROYECTOS\bitacora-mpd\backend\src\main\java\com\bitacora\infrastructure\rest\controller\ActivityCategoryController.java:77:5: Clase 'ActivityCategoryController' se parece a dise±ada para la extensi¾n (puede ser una subclase), pero el mÚtodo 'getCategoriesByCreator' no tiene javadoc que explica c¾mo hacerlo de forma segura. Si la clase no estß dise±ado para la extensi¾n de considerar la posibilidad de la clase 'ActivityCategoryController' final o haciendo el mÚtodo 'getCategoriesByCreator' anotaci¾n  static/final/abstract/empty, o la adici¾n permitido para el mÚtodo. [DesignForExtension]
[WARN] B:\CODE\PROYECTOS\bitacora-mpd\backend\src\main\java\com\bitacora\infrastructure\rest\controller\ActivityCategoryController.java:77:5: Falta el comentario Javadoc. [MissingJavadocMethod]
[WARN] B:\CODE\PROYECTOS\bitacora-mpd\backend\src\main\java\com\bitacora\infrastructure\rest\controller\ActivityCategoryController.java:80:13: El parßmetro creatorId deberÝa ser final. [FinalParameters]
[WARN] B:\CODE\PROYECTOS\bitacora-mpd\backend\src\main\java\com\bitacora\infrastructure\rest\controller\ActivityCategoryController.java:81:13: El parßmetro page deberÝa ser final. [FinalParameters]
[WARN] B:\CODE\PROYECTOS\bitacora-mpd\backend\src\main\java\com\bitacora\infrastructure\rest\controller\ActivityCategoryController.java:82:13: El parßmetro size deberÝa ser final. [FinalParameters]
[WARN] B:\CODE\PROYECTOS\bitacora-mpd\backend\src\main\java\com\bitacora\infrastructure\rest\controller\ActivityCategoryController.java:88:5: Clase 'ActivityCategoryController' se parece a dise±ada para la extensi¾n (puede ser una subclase), pero el mÚtodo 'searchCategoriesByName' no tiene javadoc que explica c¾mo hacerlo de forma segura. Si la clase no estß dise±ado para la extensi¾n de considerar la posibilidad de la clase 'ActivityCategoryController' final o haciendo el mÚtodo 'searchCategoriesByName' anotaci¾n  static/final/abstract/empty, o la adici¾n permitido para el mÚtodo. [DesignForExtension]
[WARN] B:\CODE\PROYECTOS\bitacora-mpd\backend\src\main\java\com\bitacora\infrastructure\rest\controller\ActivityCategoryController.java:90:77: El parßmetro name deberÝa ser final. [FinalParameters]
[WARN] B:\CODE\PROYECTOS\bitacora-mpd\backend\src\main\java\com\bitacora\infrastructure\rest\controller\ActivityCategoryController.java:95:5: Clase 'ActivityCategoryController' se parece a dise±ada para la extensi¾n (puede ser una subclase), pero el mÚtodo 'searchCategories' no tiene javadoc que explica c¾mo hacerlo de forma segura. Si la clase no estß dise±ado para la extensi¾n de considerar la posibilidad de la clase 'ActivityCategoryController' final o haciendo el mÚtodo 'searchCategories' anotaci¾n  static/final/abstract/empty, o la adici¾n permitido para el mÚtodo. [DesignForExtension]
[WARN] B:\CODE\PROYECTOS\bitacora-mpd\backend\src\main\java\com\bitacora\infrastructure\rest\controller\ActivityCategoryController.java:95:5: Falta el comentario Javadoc. [MissingJavadocMethod]
[WARN] B:\CODE\PROYECTOS\bitacora-mpd\backend\src\main\java\com\bitacora\infrastructure\rest\controller\ActivityCategoryController.java:98:13: El parßmetro query deberÝa ser final. [FinalParameters]
[WARN] B:\CODE\PROYECTOS\bitacora-mpd\backend\src\main\java\com\bitacora\infrastructure\rest\controller\ActivityCategoryController.java:99:13: El parßmetro page deberÝa ser final. [FinalParameters]
[WARN] B:\CODE\PROYECTOS\bitacora-mpd\backend\src\main\java\com\bitacora\infrastructure\rest\controller\ActivityCategoryController.java:100:13: El parßmetro size deberÝa ser final. [FinalParameters]
[WARN] B:\CODE\PROYECTOS\bitacora-mpd\backend\src\main\java\com\bitacora\infrastructure\rest\controller\ActivityCategoryController.java:106:5: Clase 'ActivityCategoryController' se parece a dise±ada para la extensi¾n (puede ser una subclase), pero el mÚtodo 'deleteCategory' no tiene javadoc que explica c¾mo hacerlo de forma segura. Si la clase no estß dise±ado para la extensi¾n de considerar la posibilidad de la clase 'ActivityCategoryController' final o haciendo el mÚtodo 'deleteCategory' anotaci¾n  static/final/abstract/empty, o la adici¾n permitido para el mÚtodo. [DesignForExtension]
[WARN] B:\CODE\PROYECTOS\bitacora-mpd\backend\src\main\java\com\bitacora\infrastructure\rest\controller\ActivityCategoryController.java:108:48: El parßmetro id deberÝa ser final. [FinalParameters]
[WARN] B:\CODE\PROYECTOS\bitacora-mpd\backend\src\main\java\com\bitacora\infrastructure\rest\controller\ActivityController.java:23:47: Usar la importaci¾n con '.*' deberÝa evitarse - org.springframework.web.bind.annotation.*. [AvoidStarImport]
[WARN] B:\CODE\PROYECTOS\bitacora-mpd\backend\src\main\java\com\bitacora\infrastructure\rest\controller\ActivityController.java:67: La lÝnea es mayor de 120 caracteres (encontrado 121). [LineLength]
[WARN] B:\CODE\PROYECTOS\bitacora-mpd\backend\src\main\java\com\bitacora\infrastructure\rest\controller\ActivityController.java:67:13: El parßmetro page deberÝa ser final. [FinalParameters]
[WARN] B:\CODE\PROYECTOS\bitacora-mpd\backend\src\main\java\com\bitacora\infrastructure\rest\controller\ActivityController.java:68:13: El parßmetro size deberÝa ser final. [FinalParameters]
[WARN] B:\CODE\PROYECTOS\bitacora-mpd\backend\src\main\java\com\bitacora\infrastructure\rest\controller\ActivityController.java:69:13: El parßmetro type deberÝa ser final. [FinalParameters]
[WARN] B:\CODE\PROYECTOS\bitacora-mpd\backend\src\main\java\com\bitacora\infrastructure\rest\controller\ActivityController.java:70:13: El parßmetro status deberÝa ser final. [FinalParameters]
[WARN] B:\CODE\PROYECTOS\bitacora-mpd\backend\src\main\java\com\bitacora\infrastructure\rest\controller\ActivityController.java:71: La lÝnea es mayor de 120 caracteres (encontrado 127). [LineLength]
[WARN] B:\CODE\PROYECTOS\bitacora-mpd\backend\src\main\java\com\bitacora\infrastructure\rest\controller\ActivityController.java:71:13: El parßmetro startDate deberÝa ser final. [FinalParameters]
[WARN] B:\CODE\PROYECTOS\bitacora-mpd\backend\src\main\java\com\bitacora\infrastructure\rest\controller\ActivityController.java:72: La lÝnea es mayor de 120 caracteres (encontrado 122). [LineLength]
[WARN] B:\CODE\PROYECTOS\bitacora-mpd\backend\src\main\java\com\bitacora\infrastructure\rest\controller\ActivityController.java:72:13: El parßmetro endDate deberÝa ser final. [FinalParameters]
[WARN] B:\CODE\PROYECTOS\bitacora-mpd\backend\src\main\java\com\bitacora\infrastructure\rest\controller\ActivityController.java:73:13: El parßmetro search deberÝa ser final. [FinalParameters]
[WARN] B:\CODE\PROYECTOS\bitacora-mpd\backend\src\main\java\com\bitacora\infrastructure\rest\controller\ActivityController.java:127:56: El parßmetro id deberÝa ser final. [FinalParameters]
[WARN] B:\CODE\PROYECTOS\bitacora-mpd\backend\src\main\java\com\bitacora\infrastructure\rest\controller\ActivityController.java:145:13: El parßmetro activityCreateDto deberÝa ser final. [FinalParameters]
[WARN] B:\CODE\PROYECTOS\bitacora-mpd\backend\src\main\java\com\bitacora\infrastructure\rest\controller\ActivityController.java:146:13: El parßmetro userPrincipal deberÝa ser final. [FinalParameters]
[WARN] B:\CODE\PROYECTOS\bitacora-mpd\backend\src\main\java\com\bitacora\infrastructure\rest\controller\ActivityController.java:182:13: El parßmetro id deberÝa ser final. [FinalParameters]
[WARN] B:\CODE\PROYECTOS\bitacora-mpd\backend\src\main\java\com\bitacora\infrastructure\rest\controller\ActivityController.java:183:13: El parßmetro activityUpdateDto deberÝa ser final. [FinalParameters]
[WARN] B:\CODE\PROYECTOS\bitacora-mpd\backend\src\main\java\com\bitacora\infrastructure\rest\controller\ActivityController.java:249:48: El parßmetro id deberÝa ser final. [FinalParameters]
[WARN] B:\CODE\PROYECTOS\bitacora-mpd\backend\src\main\java\com\bitacora\infrastructure\rest\controller\ActivityController.java:286:18: El parßmetro e deberÝa ser final. [FinalParameters]
[WARN] B:\CODE\PROYECTOS\bitacora-mpd\backend\src\main\java\com\bitacora\infrastructure\rest\controller\ActivityController.java:327:18: El parßmetro e deberÝa ser final. [FinalParameters]
[WARN] B:\CODE\PROYECTOS\bitacora-mpd\backend\src\main\java\com\bitacora\infrastructure\rest\controller\ActivityController.java:348: La lÝnea es mayor de 120 caracteres (encontrado 125). [LineLength]
[WARN] B:\CODE\PROYECTOS\bitacora-mpd\backend\src\main\java\com\bitacora\infrastructure\rest\controller\ActivityController.java:352: La lÝnea es mayor de 120 caracteres (encontrado 121). [LineLength]
[WARN] B:\CODE\PROYECTOS\bitacora-mpd\backend\src\main\java\com\bitacora\infrastructure\rest\controller\ActivityController.java:352:13: El parßmetro page deberÝa ser final. [FinalParameters]
[WARN] B:\CODE\PROYECTOS\bitacora-mpd\backend\src\main\java\com\bitacora\infrastructure\rest\controller\ActivityController.java:353:13: El parßmetro size deberÝa ser final. [FinalParameters]
[WARN] B:\CODE\PROYECTOS\bitacora-mpd\backend\src\main\java\com\bitacora\infrastructure\rest\controller\ActivityController.java:383:18: El parßmetro e deberÝa ser final. [FinalParameters]
[WARN] B:\CODE\PROYECTOS\bitacora-mpd\backend\src\main\java\com\bitacora\infrastructure\rest\controller\ActivityController.java:403:34: El parßmetro activity deberÝa ser final. [FinalParameters]
[WARN] B:\CODE\PROYECTOS\bitacora-mpd\backend\src\main\java\com\bitacora\infrastructure\rest\controller\ActivityMetadataController.java:53: La lÝnea es mayor de 120 caracteres (encontrado 121). [LineLength]
[WARN] B:\CODE\PROYECTOS\bitacora-mpd\backend\src\main\java\com\bitacora\infrastructure\rest\controller\ActivityMetadataController.java:74:37: El parßmetro priority deberÝa ser final. [FinalParameters]
[WARN] B:\CODE\PROYECTOS\bitacora-mpd\backend\src\main\java\com\bitacora\infrastructure\rest\controller\ActivityUserController.java:45: La lÝnea es mayor de 120 caracteres (encontrado 126). [LineLength]
[WARN] B:\CODE\PROYECTOS\bitacora-mpd\backend\src\main\java\com\bitacora\infrastructure\rest\controller\ActivityUserController.java:47: La lÝnea es mayor de 120 caracteres (encontrado 121). [LineLength]
[WARN] B:\CODE\PROYECTOS\bitacora-mpd\backend\src\main\java\com\bitacora\infrastructure\rest\controller\ActivityUserController.java:47:13: El parßmetro page deberÝa ser final. [FinalParameters]
[WARN] B:\CODE\PROYECTOS\bitacora-mpd\backend\src\main\java\com\bitacora\infrastructure\rest\controller\ActivityUserController.java:48:13: El parßmetro size deberÝa ser final. [FinalParameters]
[WARN] B:\CODE\PROYECTOS\bitacora-mpd\backend\src\main\java\com\bitacora\infrastructure\rest\controller\ActivityUserController.java:49:13: El parßmetro userPrincipal deberÝa ser final. [FinalParameters]
[WARN] B:\CODE\PROYECTOS\bitacora-mpd\backend\src\main\java\com\bitacora\infrastructure\rest\controller\ActivityUserController.java:78: La lÝnea es mayor de 120 caracteres (encontrado 141). [LineLength]
[WARN] B:\CODE\PROYECTOS\bitacora-mpd\backend\src\main\java\com\bitacora\infrastructure\rest\controller\ActivityUserController.java:80: La lÝnea es mayor de 120 caracteres (encontrado 121). [LineLength]
[WARN] B:\CODE\PROYECTOS\bitacora-mpd\backend\src\main\java\com\bitacora\infrastructure\rest\controller\ActivityUserController.java:80:13: El parßmetro page deberÝa ser final. [FinalParameters]
[WARN] B:\CODE\PROYECTOS\bitacora-mpd\backend\src\main\java\com\bitacora\infrastructure\rest\controller\ActivityUserController.java:81:13: El parßmetro size deberÝa ser final. [FinalParameters]
[WARN] B:\CODE\PROYECTOS\bitacora-mpd\backend\src\main\java\com\bitacora\infrastructure\rest\controller\ActivityUserController.java:82:13: El parßmetro userPrincipal deberÝa ser final. [FinalParameters]
[WARN] B:\CODE\PROYECTOS\bitacora-mpd\backend\src\main\java\com\bitacora\infrastructure\rest\controller\ActivityUserController.java:108:34: El parßmetro activity deberÝa ser final. [FinalParameters]
[WARN] B:\CODE\PROYECTOS\bitacora-mpd\backend\src\main\java\com\bitacora\infrastructure\rest\controller\ActivityWorkflowController.java:10:53: Usar la importaci¾n con '.*' deberÝa evitarse - com.bitacora.infrastructure.rest.dto.workflow.*. [AvoidStarImport]
[WARN] B:\CODE\PROYECTOS\bitacora-mpd\backend\src\main\java\com\bitacora\infrastructure\rest\controller\ActivityWorkflowController.java:21:47: Usar la importaci¾n con '.*' deberÝa evitarse - org.springframework.web.bind.annotation.*. [AvoidStarImport]
[WARN] B:\CODE\PROYECTOS\bitacora-mpd\backend\src\main\java\com\bitacora\infrastructure\rest\controller\ActivityWorkflowController.java:49:25: El parßmetro requestActivityDto deberÝa ser final. [FinalParameters]
[WARN] B:\CODE\PROYECTOS\bitacora-mpd\backend\src\main\java\com\bitacora\infrastructure\rest\controller\ActivityWorkflowController.java:50:25: El parßmetro userPrincipal deberÝa ser final. [FinalParameters]
[WARN] B:\CODE\PROYECTOS\bitacora-mpd\backend\src\main\java\com\bitacora\infrastructure\rest\controller\ActivityWorkflowController.java:89:25: El parßmetro id deberÝa ser final. [FinalParameters]
[WARN] B:\CODE\PROYECTOS\bitacora-mpd\backend\src\main\java\com\bitacora\infrastructure\rest\controller\ActivityWorkflowController.java:90:25: El parßmetro assignActivityDto deberÝa ser final. [FinalParameters]
[WARN] B:\CODE\PROYECTOS\bitacora-mpd\backend\src\main\java\com\bitacora\infrastructure\rest\controller\ActivityWorkflowController.java:91:25: El parßmetro userPrincipal deberÝa ser final. [FinalParameters]
[WARN] B:\CODE\PROYECTOS\bitacora-mpd\backend\src\main\java\com\bitacora\infrastructure\rest\controller\ActivityWorkflowController.java:117:25: El parßmetro id deberÝa ser final. [FinalParameters]
[WARN] B:\CODE\PROYECTOS\bitacora-mpd\backend\src\main\java\com\bitacora\infrastructure\rest\controller\ActivityWorkflowController.java:118:25: El parßmetro startActivityDto deberÝa ser final. [FinalParameters]
[WARN] B:\CODE\PROYECTOS\bitacora-mpd\backend\src\main\java\com\bitacora\infrastructure\rest\controller\ActivityWorkflowController.java:142:25: El parßmetro id deberÝa ser final. [FinalParameters]
[WARN] B:\CODE\PROYECTOS\bitacora-mpd\backend\src\main\java\com\bitacora\infrastructure\rest\controller\ActivityWorkflowController.java:143:25: El parßmetro completeActivityDto deberÝa ser final. [FinalParameters]
[WARN] B:\CODE\PROYECTOS\bitacora-mpd\backend\src\main\java\com\bitacora\infrastructure\rest\controller\ActivityWorkflowController.java:168:25: El parßmetro id deberÝa ser final. [FinalParameters]
[WARN] B:\CODE\PROYECTOS\bitacora-mpd\backend\src\main\java\com\bitacora\infrastructure\rest\controller\ActivityWorkflowController.java:169:25: El parßmetro approveActivityDto deberÝa ser final. [FinalParameters]
[WARN] B:\CODE\PROYECTOS\bitacora-mpd\backend\src\main\java\com\bitacora\infrastructure\rest\controller\ActivityWorkflowController.java:193:25: El parßmetro id deberÝa ser final. [FinalParameters]
[WARN] B:\CODE\PROYECTOS\bitacora-mpd\backend\src\main\java\com\bitacora\infrastructure\rest\controller\ActivityWorkflowController.java:194:25: El parßmetro rejectActivityDto deberÝa ser final. [FinalParameters]
[WARN] B:\CODE\PROYECTOS\bitacora-mpd\backend\src\main\java\com\bitacora\infrastructure\rest\controller\ActivityWorkflowController.java:215: La lÝnea es mayor de 120 caracteres (encontrado 163). [LineLength]
[WARN] B:\CODE\PROYECTOS\bitacora-mpd\backend\src\main\java\com\bitacora\infrastructure\rest\controller\ActivityWorkflowController.java:218:25: El parßmetro id deberÝa ser final. [FinalParameters]
[WARN] B:\CODE\PROYECTOS\bitacora-mpd\backend\src\main\java\com\bitacora\infrastructure\rest\controller\ActivityWorkflowController.java:219:25: El parßmetro rejectActivityDto deberÝa ser final. [FinalParameters]
[WARN] B:\CODE\PROYECTOS\bitacora-mpd\backend\src\main\java\com\bitacora\infrastructure\rest\controller\ActivityWorkflowController.java:244:25: El parßmetro id deberÝa ser final. [FinalParameters]
[WARN] B:\CODE\PROYECTOS\bitacora-mpd\backend\src\main\java\com\bitacora\infrastructure\rest\controller\ActivityWorkflowController.java:245:25: El parßmetro commentActivityDto deberÝa ser final. [FinalParameters]
[WARN] B:\CODE\PROYECTOS\bitacora-mpd\backend\src\main\java\com\bitacora\infrastructure\rest\controller\ActivityWorkflowController.java:246:25: El parßmetro userPrincipal deberÝa ser final. [FinalParameters]
[WARN] B:\CODE\PROYECTOS\bitacora-mpd\backend\src\main\java\com\bitacora\infrastructure\rest\controller\ActivityWorkflowController.java:277:38: El parßmetro activity deberÝa ser final. [FinalParameters]
[WARN] B:\CODE\PROYECTOS\bitacora-mpd\backend\src\main\java\com\bitacora\infrastructure\rest\controller\AnnouncementController.java:42:13: El parßmetro requestDTO deberÝa ser final. [FinalParameters]
[WARN] B:\CODE\PROYECTOS\bitacora-mpd\backend\src\main\java\com\bitacora\infrastructure\rest\controller\AnnouncementController.java:43:13: El parßmetro currentUser deberÝa ser final. [FinalParameters]
[WARN] B:\CODE\PROYECTOS\bitacora-mpd\backend\src\main\java\com\bitacora\infrastructure\rest\controller\AnnouncementController.java:69:13: El parßmetro requestDTO deberÝa ser final. [FinalParameters]
[WARN] B:\CODE\PROYECTOS\bitacora-mpd\backend\src\main\java\com\bitacora\infrastructure\rest\controller\AnnouncementController.java:70:13: El parßmetro currentUser deberÝa ser final. [FinalParameters]
[WARN] B:\CODE\PROYECTOS\bitacora-mpd\backend\src\main\java\com\bitacora\infrastructure\rest\controller\AnnouncementController.java:101:13: El parßmetro requestDTO deberÝa ser final. [FinalParameters]
[WARN] B:\CODE\PROYECTOS\bitacora-mpd\backend\src\main\java\com\bitacora\infrastructure\rest\controller\AnnouncementController.java:102:13: El parßmetro currentUser deberÝa ser final. [FinalParameters]
[WARN] B:\CODE\PROYECTOS\bitacora-mpd\backend\src\main\java\com\bitacora\infrastructure\rest\controller\AuthController.java:41:13: El parßmetro loginRequest deberÝa ser final. [FinalParameters]
[WARN] B:\CODE\PROYECTOS\bitacora-mpd\backend\src\main\java\com\bitacora\infrastructure\rest\controller\AuthController.java:42:13: El parßmetro request deberÝa ser final. [FinalParameters]
[WARN] B:\CODE\PROYECTOS\bitacora-mpd\backend\src\main\java\com\bitacora\infrastructure\rest\controller\AuthController.java:58:13: El parßmetro authHeader deberÝa ser final. [FinalParameters]
[WARN] B:\CODE\PROYECTOS\bitacora-mpd\backend\src\main\java\com\bitacora\infrastructure\rest\controller\AuthController.java:78:13: El parßmetro refreshTokenRequest deberÝa ser final. [FinalParameters]
[WARN] B:\CODE\PROYECTOS\bitacora-mpd\backend\src\main\java\com\bitacora\infrastructure\rest\controller\AuthController.java:79:13: El parßmetro request deberÝa ser final. [FinalParameters]
[WARN] B:\CODE\PROYECTOS\bitacora-mpd\backend\src\main\java\com\bitacora\infrastructure\rest\controller\CollaborationController.java:43:13: El parßmetro activityId deberÝa ser final. [FinalParameters]
[WARN] B:\CODE\PROYECTOS\bitacora-mpd\backend\src\main\java\com\bitacora\infrastructure\rest\controller\CollaborationController.java:44:13: El parßmetro currentUser deberÝa ser final. [FinalParameters]
[WARN] B:\CODE\PROYECTOS\bitacora-mpd\backend\src\main\java\com\bitacora\infrastructure\rest\controller\CollaborationController.java:67:13: El parßmetro activityId deberÝa ser final. [FinalParameters]
[WARN] B:\CODE\PROYECTOS\bitacora-mpd\backend\src\main\java\com\bitacora\infrastructure\rest\controller\CollaborationController.java:68:13: El parßmetro currentUser deberÝa ser final. [FinalParameters]
[WARN] B:\CODE\PROYECTOS\bitacora-mpd\backend\src\main\java\com\bitacora\infrastructure\rest\controller\CollaborationController.java:79: La lÝnea es mayor de 120 caracteres (encontrado 122). [LineLength]
[WARN] B:\CODE\PROYECTOS\bitacora-mpd\backend\src\main\java\com\bitacora\infrastructure\rest\controller\CollaborationController.java:93:13: El parßmetro activityId deberÝa ser final. [FinalParameters]
[WARN] B:\CODE\PROYECTOS\bitacora-mpd\backend\src\main\java\com\bitacora\infrastructure\rest\controller\CollaborationController.java:94:13: El parßmetro requestDTO deberÝa ser final. [FinalParameters]
[WARN] B:\CODE\PROYECTOS\bitacora-mpd\backend\src\main\java\com\bitacora\infrastructure\rest\controller\CollaborationController.java:95:13: El parßmetro currentUser deberÝa ser final. [FinalParameters]
[WARN] B:\CODE\PROYECTOS\bitacora-mpd\backend\src\main\java\com\bitacora\infrastructure\rest\controller\CollaborationController.java:119:13: El parßmetro activityId deberÝa ser final. [FinalParameters]
[WARN] B:\CODE\PROYECTOS\bitacora-mpd\backend\src\main\java\com\bitacora\infrastructure\rest\controller\CollaborationController.java:120:13: El parßmetro currentUser deberÝa ser final. [FinalParameters]
[WARN] B:\CODE\PROYECTOS\bitacora-mpd\backend\src\main\java\com\bitacora\infrastructure\rest\controller\CollaborationController.java:141:49: El parßmetro activityId deberÝa ser final. [FinalParameters]
[WARN] B:\CODE\PROYECTOS\bitacora-mpd\backend\src\main\java\com\bitacora\infrastructure\rest\controller\CollaborationController.java:157:43: El parßmetro activityId deberÝa ser final. [FinalParameters]
[WARN] B:\CODE\PROYECTOS\bitacora-mpd\backend\src\main\java\com\bitacora\infrastructure\rest\controller\DiagnosticController.java:8:47: Usar la importaci¾n con '.*' deberÝa evitarse - org.springframework.web.bind.annotation.*. [AvoidStarImport]
[WARN] B:\CODE\PROYECTOS\bitacora-mpd\backend\src\main\java\com\bitacora\infrastructure\rest\controller\DiagnosticController.java:10:17: Usar la importaci¾n con '.*' deberÝa evitarse - java.util.*. [AvoidStarImport]
[WARN] B:\CODE\PROYECTOS\bitacora-mpd\backend\src\main\java\com\bitacora\infrastructure\rest\controller\DiagnosticController.java:47: La lÝnea es mayor de 120 caracteres (encontrado 123). [LineLength]
[WARN] B:\CODE\PROYECTOS\bitacora-mpd\backend\src\main\java\com\bitacora\infrastructure\rest\controller\RootAuthController.java:44:25: El parßmetro loginRequest deberÝa ser final. [FinalParameters]
[WARN] B:\CODE\PROYECTOS\bitacora-mpd\backend\src\main\java\com\bitacora\infrastructure\rest\controller\RootAuthController.java:45:25: El parßmetro request deberÝa ser final. [FinalParameters]
[WARN] B:\CODE\PROYECTOS\bitacora-mpd\backend\src\main\java\com\bitacora\infrastructure\rest\controller\RootAuthController.java:59: La lÝnea es mayor de 120 caracteres (encontrado 125). [LineLength]
[WARN] B:\CODE\PROYECTOS\bitacora-mpd\backend\src\main\java\com\bitacora\infrastructure\rest\controller\RootAuthController.java:60:46: El parßmetro authHeader deberÝa ser final. [FinalParameters]
[WARN] B:\CODE\PROYECTOS\bitacora-mpd\backend\src\main\java\com\bitacora\infrastructure\rest\controller\RootAuthController.java:79: La lÝnea es mayor de 120 caracteres (encontrado 135). [LineLength]
[WARN] B:\CODE\PROYECTOS\bitacora-mpd\backend\src\main\java\com\bitacora\infrastructure\rest\controller\RootAuthController.java:81:25: El parßmetro refreshTokenRequest deberÝa ser final. [FinalParameters]
[WARN] B:\CODE\PROYECTOS\bitacora-mpd\backend\src\main\java\com\bitacora\infrastructure\rest\controller\RootAuthController.java:82:25: El parßmetro request deberÝa ser final. [FinalParameters]
[WARN] B:\CODE\PROYECTOS\bitacora-mpd\backend\src\main\java\com\bitacora\infrastructure\rest\controller\RootAuthController.java:96: La lÝnea es mayor de 120 caracteres (encontrado 171). [LineLength]
[WARN] B:\CODE\PROYECTOS\bitacora-mpd\backend\src\main\java\com\bitacora\infrastructure\rest\controller\SessionController.java:48:63: El parßmetro authentication deberÝa ser final. [FinalParameters]
[WARN] B:\CODE\PROYECTOS\bitacora-mpd\backend\src\main\java\com\bitacora\infrastructure\rest\controller\SessionController.java:65:60: El parßmetro authentication deberÝa ser final. [FinalParameters]
[WARN] B:\CODE\PROYECTOS\bitacora-mpd\backend\src\main\java\com\bitacora\infrastructure\rest\controller\SessionController.java:84:13: El parßmetro authentication deberÝa ser final. [FinalParameters]
[WARN] B:\CODE\PROYECTOS\bitacora-mpd\backend\src\main\java\com\bitacora\infrastructure\rest\controller\SessionController.java:85:13: El parßmetro token deberÝa ser final. [FinalParameters]
[WARN] B:\CODE\PROYECTOS\bitacora-mpd\backend\src\main\java\com\bitacora\infrastructure\rest\controller\SessionController.java:111:13: El parßmetro authentication deberÝa ser final. [FinalParameters]
[WARN] B:\CODE\PROYECTOS\bitacora-mpd\backend\src\main\java\com\bitacora\infrastructure\rest\controller\SessionController.java:112:13: El parßmetro sessionId deberÝa ser final. [FinalParameters]
[WARN] B:\CODE\PROYECTOS\bitacora-mpd\backend\src\main\java\com\bitacora\infrastructure\rest\controller\SessionController.java:155:13: El parßmetro sessionId deberÝa ser final. [FinalParameters]
[WARN] B:\CODE\PROYECTOS\bitacora-mpd\backend\src\main\java\com\bitacora\infrastructure\rest\controller\SessionController.java:156:13: El parßmetro request deberÝa ser final. [FinalParameters]
[WARN] B:\CODE\PROYECTOS\bitacora-mpd\backend\src\main\java\com\bitacora\infrastructure\rest\controller\SessionController.java:173:47: El parßmetro sessions deberÝa ser final. [FinalParameters]
[WARN] B:\CODE\PROYECTOS\bitacora-mpd\backend\src\main\java\com\bitacora\infrastructure\rest\controller\UserController.java:3:38: Usar la importaci¾n con '.*' deberÝa evitarse - com.bitacora.domain.model.user.*. [AvoidStarImport]
[WARN] B:\CODE\PROYECTOS\bitacora-mpd\backend\src\main\java\com\bitacora\infrastructure\rest\controller\UserController.java:20:47: Usar la importaci¾n con '.*' deberÝa evitarse - org.springframework.web.bind.annotation.*. [AvoidStarImport]
[WARN] B:\CODE\PROYECTOS\bitacora-mpd\backend\src\main\java\com\bitacora\infrastructure\rest\controller\UserController.java:53: La lÝnea es mayor de 120 caracteres (encontrado 121). [LineLength]
[WARN] B:\CODE\PROYECTOS\bitacora-mpd\backend\src\main\java\com\bitacora\infrastructure\rest\controller\UserController.java:53:13: El parßmetro page deberÝa ser final. [FinalParameters]
[WARN] B:\CODE\PROYECTOS\bitacora-mpd\backend\src\main\java\com\bitacora\infrastructure\rest\controller\UserController.java:54:13: El parßmetro size deberÝa ser final. [FinalParameters]
[WARN] B:\CODE\PROYECTOS\bitacora-mpd\backend\src\main\java\com\bitacora\infrastructure\rest\controller\UserController.java:79:48: El parßmetro id deberÝa ser final. [FinalParameters]
[WARN] B:\CODE\PROYECTOS\bitacora-mpd\backend\src\main\java\com\bitacora\infrastructure\rest\controller\UserController.java:94:47: El parßmetro userPrincipal deberÝa ser final. [FinalParameters]
[WARN] B:\CODE\PROYECTOS\bitacora-mpd\backend\src\main\java\com\bitacora\infrastructure\rest\controller\UserController.java:110:47: El parßmetro userCreateDto deberÝa ser final. [FinalParameters]
[WARN] B:\CODE\PROYECTOS\bitacora-mpd\backend\src\main\java\com\bitacora\infrastructure\rest\controller\UserController.java:161:13: El parßmetro id deberÝa ser final. [FinalParameters]
[WARN] B:\CODE\PROYECTOS\bitacora-mpd\backend\src\main\java\com\bitacora\infrastructure\rest\controller\UserController.java:162:13: El parßmetro userUpdateDto deberÝa ser final. [FinalParameters]
[WARN] B:\CODE\PROYECTOS\bitacora-mpd\backend\src\main\java\com\bitacora\infrastructure\rest\controller\UserController.java:180: La lÝnea es mayor de 120 caracteres (encontrado 124). [LineLength]
[WARN] B:\CODE\PROYECTOS\bitacora-mpd\backend\src\main\java\com\bitacora\infrastructure\rest\controller\UserController.java:182: La lÝnea es mayor de 120 caracteres (encontrado 124). [LineLength]
[WARN] B:\CODE\PROYECTOS\bitacora-mpd\backend\src\main\java\com\bitacora\infrastructure\rest\controller\UserController.java:232:44: El parßmetro id deberÝa ser final. [FinalParameters]
[WARN] B:\CODE\PROYECTOS\bitacora-mpd\backend\src\main\java\com\bitacora\infrastructure\rest\controller\UserController.java:247:30: El parßmetro user deberÝa ser final. [FinalParameters]
[WARN] B:\CODE\PROYECTOS\bitacora-mpd\backend\src\main\java\com\bitacora\infrastructure\rest\dto\ActivityCreateDto.java:36: La lÝnea es mayor de 120 caracteres (encontrado 122). [LineLength]
[WARN] B:\CODE\PROYECTOS\bitacora-mpd\backend\src\main\java\com\bitacora\infrastructure\rest\dto\UserCreateDto.java:28: La lÝnea es mayor de 120 caracteres (encontrado 145). [LineLength]
[WARN] B:\CODE\PROYECTOS\bitacora-mpd\backend\src\main\java\com\bitacora\infrastructure\rest\dto\UserCreateDto.java:35: La lÝnea es mayor de 120 caracteres (encontrado 137). [LineLength]
[WARN] B:\CODE\PROYECTOS\bitacora-mpd\backend\src\main\java\com\bitacora\infrastructure\rest\dto\UserDto.java:67:5: Clase 'UserDto' se parece a dise±ada para la extensi¾n (puede ser una subclase), pero el mÚtodo 'getFullName' no tiene javadoc que explica c¾mo hacerlo de forma segura. Si la clase no estß dise±ado para la extensi¾n de considerar la posibilidad de la clase 'UserDto' final o haciendo el mÚtodo 'getFullName' anotaci¾n  static/final/abstract/empty, o la adici¾n permitido para el mÚtodo. [DesignForExtension]
[WARN] B:\CODE\PROYECTOS\bitacora-mpd\backend\src\main\java\com\bitacora\infrastructure\rest\dto\UserUpdateDto.java:27: La lÝnea es mayor de 120 caracteres (encontrado 137). [LineLength]
[WARN] B:\CODE\PROYECTOS\bitacora-mpd\backend\src\main\java\com\bitacora\infrastructure\rest\dto\UserUpdateDto.java:56: La lÝnea es mayor de 120 caracteres (encontrado 155). [LineLength]
[WARN] B:\CODE\PROYECTOS\bitacora-mpd\backend\src\main\java\com\bitacora\infrastructure\rest\dto\workflow\RequestActivityDto.java:36: La lÝnea es mayor de 120 caracteres (encontrado 122). [LineLength]
[WARN] B:\CODE\PROYECTOS\bitacora-mpd\backend\src\main\java\com\bitacora\infrastructure\rest\error\ApiError.java:47:31: El parßmetro status deberÝa ser final. [FinalParameters]
[WARN] B:\CODE\PROYECTOS\bitacora-mpd\backend\src\main\java\com\bitacora\infrastructure\rest\error\ApiError.java:47:50: El parßmetro message deberÝa ser final. [FinalParameters]
[WARN] B:\CODE\PROYECTOS\bitacora-mpd\backend\src\main\java\com\bitacora\infrastructure\rest\error\ApiError.java:47:66: El parßmetro path deberÝa ser final. [FinalParameters]
[WARN] B:\CODE\PROYECTOS\bitacora-mpd\backend\src\main\java\com\bitacora\infrastructure\rest\error\ApiError.java:66:31: El parßmetro status deberÝa ser final. [FinalParameters]
[WARN] B:\CODE\PROYECTOS\bitacora-mpd\backend\src\main\java\com\bitacora\infrastructure\rest\error\ApiError.java:66:50: El parßmetro message deberÝa ser final. [FinalParameters]
[WARN] B:\CODE\PROYECTOS\bitacora-mpd\backend\src\main\java\com\bitacora\infrastructure\rest\error\ApiError.java:66:66: El parßmetro path deberÝa ser final. [FinalParameters]
[WARN] B:\CODE\PROYECTOS\bitacora-mpd\backend\src\main\java\com\bitacora\infrastructure\rest\error\ApiError.java:66:79: El parßmetro details deberÝa ser final. [FinalParameters]
[WARN] B:\CODE\PROYECTOS\bitacora-mpd\backend\src\main\java\com\bitacora\infrastructure\rest\error\ApiError.java:78:31: El parßmetro detail deberÝa ser final. [FinalParameters]
[WARN] B:\CODE\PROYECTOS\bitacora-mpd\backend\src\main\java\com\bitacora\infrastructure\rest\error\GlobalExceptionHandler.java:43:59: El parßmetro ex deberÝa ser final. [FinalParameters]
[WARN] B:\CODE\PROYECTOS\bitacora-mpd\backend\src\main\java\com\bitacora\infrastructure\rest\error\GlobalExceptionHandler.java:43:79: El parßmetro request deberÝa ser final. [FinalParameters]
[WARN] B:\CODE\PROYECTOS\bitacora-mpd\backend\src\main\java\com\bitacora\infrastructure\rest\error\GlobalExceptionHandler.java:67:63: El parßmetro ex deberÝa ser final. [FinalParameters]
[WARN] B:\CODE\PROYECTOS\bitacora-mpd\backend\src\main\java\com\bitacora\infrastructure\rest\error\GlobalExceptionHandler.java:68:13: El parßmetro request deberÝa ser final. [FinalParameters]
[WARN] B:\CODE\PROYECTOS\bitacora-mpd\backend\src\main\java\com\bitacora\infrastructure\rest\error\GlobalExceptionHandler.java:94:72: El parßmetro ex deberÝa ser final. [FinalParameters]
[WARN] B:\CODE\PROYECTOS\bitacora-mpd\backend\src\main\java\com\bitacora\infrastructure\rest\error\GlobalExceptionHandler.java:95:13: El parßmetro request deberÝa ser final. [FinalParameters]
[WARN] B:\CODE\PROYECTOS\bitacora-mpd\backend\src\main\java\com\bitacora\infrastructure\rest\error\GlobalExceptionHandler.java:120:67: El parßmetro ex deberÝa ser final. [FinalParameters]
[WARN] B:\CODE\PROYECTOS\bitacora-mpd\backend\src\main\java\com\bitacora\infrastructure\rest\error\GlobalExceptionHandler.java:121:13: El parßmetro request deberÝa ser final. [FinalParameters]
[WARN] B:\CODE\PROYECTOS\bitacora-mpd\backend\src\main\java\com\bitacora\infrastructure\rest\error\GlobalExceptionHandler.java:145:65: El parßmetro ex deberÝa ser final. [FinalParameters]
[WARN] B:\CODE\PROYECTOS\bitacora-mpd\backend\src\main\java\com\bitacora\infrastructure\rest\error\GlobalExceptionHandler.java:145:91: El parßmetro request deberÝa ser final. [FinalParameters]
[WARN] B:\CODE\PROYECTOS\bitacora-mpd\backend\src\main\java\com\bitacora\infrastructure\rest\error\GlobalExceptionHandler.java:164:79: El parßmetro ex deberÝa ser final. [FinalParameters]
[WARN] B:\CODE\PROYECTOS\bitacora-mpd\backend\src\main\java\com\bitacora\infrastructure\rest\error\GlobalExceptionHandler.java:165:13: El parßmetro request deberÝa ser final. [FinalParameters]
[WARN] B:\CODE\PROYECTOS\bitacora-mpd\backend\src\main\java\com\bitacora\infrastructure\rest\error\GlobalExceptionHandler.java:190:13: El parßmetro ex deberÝa ser final. [FinalParameters]
[WARN] B:\CODE\PROYECTOS\bitacora-mpd\backend\src\main\java\com\bitacora\infrastructure\rest\error\GlobalExceptionHandler.java:190:57: El parßmetro request deberÝa ser final. [FinalParameters]
[WARN] B:\CODE\PROYECTOS\bitacora-mpd\backend\src\main\java\com\bitacora\infrastructure\rest\error\GlobalExceptionHandler.java:213:57: El parßmetro ex deberÝa ser final. [FinalParameters]
[WARN] B:\CODE\PROYECTOS\bitacora-mpd\backend\src\main\java\com\bitacora\infrastructure\rest\error\GlobalExceptionHandler.java:213:75: El parßmetro request deberÝa ser final. [FinalParameters]
[WARN] B:\CODE\PROYECTOS\bitacora-mpd\backend\src\main\java\com\bitacora\infrastructure\rest\error\GlobalExceptionHandler.java:238:56: El parßmetro ex deberÝa ser final. [FinalParameters]
[WARN] B:\CODE\PROYECTOS\bitacora-mpd\backend\src\main\java\com\bitacora\infrastructure\rest\error\GlobalExceptionHandler.java:238:82: El parßmetro request deberÝa ser final. [FinalParameters]
[WARN] B:\CODE\PROYECTOS\bitacora-mpd\backend\src\main\java\com\bitacora\infrastructure\rest\error\GlobalExceptionHandler.java:258:60: El parßmetro ex deberÝa ser final. [FinalParameters]
[WARN] B:\CODE\PROYECTOS\bitacora-mpd\backend\src\main\java\com\bitacora\infrastructure\rest\error\GlobalExceptionHandler.java:258:90: El parßmetro request deberÝa ser final. [FinalParameters]
[WARN] B:\CODE\PROYECTOS\bitacora-mpd\backend\src\main\java\com\bitacora\infrastructure\rest\error\GlobalExceptionHandler.java:277:57: El parßmetro ex deberÝa ser final. [FinalParameters]
[WARN] B:\CODE\PROYECTOS\bitacora-mpd\backend\src\main\java\com\bitacora\infrastructure\rest\error\GlobalExceptionHandler.java:277:84: El parßmetro request deberÝa ser final. [FinalParameters]
[WARN] B:\CODE\PROYECTOS\bitacora-mpd\backend\src\main\java\com\bitacora\infrastructure\rest\error\GlobalExceptionHandler.java:300:53: El parßmetro ex deberÝa ser final. [FinalParameters]
[WARN] B:\CODE\PROYECTOS\bitacora-mpd\backend\src\main\java\com\bitacora\infrastructure\rest\error\GlobalExceptionHandler.java:300:67: El parßmetro request deberÝa ser final. [FinalParameters]
[WARN] B:\CODE\PROYECTOS\bitacora-mpd\backend\src\main\java\com\bitacora\infrastructure\rest\error\GlobalExceptionHandler.java:321:37: El parßmetro error deberÝa ser final. [FinalParameters]
[WARN] B:\CODE\PROYECTOS\bitacora-mpd\backend\src\main\java\com\bitacora\infrastructure\rest\mapper\ActivityAttachmentMapper.java:22:40: El parßmetro attachment deberÝa ser final. [FinalParameters]
[WARN] B:\CODE\PROYECTOS\bitacora-mpd\backend\src\main\java\com\bitacora\infrastructure\rest\mapper\ActivityAttachmentMapper.java:46:50: El parßmetro attachments deberÝa ser final. [FinalParameters]
[WARN] B:\CODE\PROYECTOS\bitacora-mpd\backend\src\main\java\com\bitacora\infrastructure\rest\mapper\ActivityCategoryMapper.java:22:38: El parßmetro category deberÝa ser final. [FinalParameters]
[WARN] B:\CODE\PROYECTOS\bitacora-mpd\backend\src\main\java\com\bitacora\infrastructure\rest\mapper\ActivityCategoryMapper.java:45:48: El parßmetro categories deberÝa ser final. [FinalParameters]
[WARN] B:\CODE\PROYECTOS\bitacora-mpd\backend\src\main\java\com\bitacora\infrastructure\rest\mapper\ActivityCommentMapper.java:22:37: El parßmetro comment deberÝa ser final. [FinalParameters]
[WARN] B:\CODE\PROYECTOS\bitacora-mpd\backend\src\main\java\com\bitacora\infrastructure\rest\mapper\ActivityCommentMapper.java:44:47: El parßmetro comments deberÝa ser final. [FinalParameters]
[WARN] B:\CODE\PROYECTOS\bitacora-mpd\backend\src\main\java\com\bitacora\infrastructure\rest\mapper\ActivityHistoryMapper.java:22:37: El parßmetro history deberÝa ser final. [FinalParameters]
[WARN] B:\CODE\PROYECTOS\bitacora-mpd\backend\src\main\java\com\bitacora\infrastructure\rest\mapper\ActivityHistoryMapper.java:45:47: El parßmetro historyList deberÝa ser final. [FinalParameters]
[WARN] B:\CODE\PROYECTOS\bitacora-mpd\backend\src\main\java\com\bitacora\infrastructure\security\AuthenticationDebugger.java:34:34: '{' estß seguido de espacios en blanco. [NoWhitespaceAfter]
[WARN] B:\CODE\PROYECTOS\bitacora-mpd\backend\src\main\java\com\bitacora\infrastructure\security\AuthenticationDebugger.java:42:18: El parßmetro password deberÝa ser final. [FinalParameters]
[WARN] B:\CODE\PROYECTOS\bitacora-mpd\backend\src\main\java\com\bitacora\infrastructure\security\CurrentUser.java:5:28: Usar la importaci¾n con '.*' deberÝa evitarse - java.lang.annotation.*. [AvoidStarImport]
[WARN] B:\CODE\PROYECTOS\bitacora-mpd\backend\src\main\java\com\bitacora\infrastructure\security\CustomPermissionsFilter.java:49:37: El parßmetro request deberÝa ser final. [FinalParameters]
[WARN] B:\CODE\PROYECTOS\bitacora-mpd\backend\src\main\java\com\bitacora\infrastructure\security\CustomPermissionsFilter.java:49:65: El parßmetro response deberÝa ser final. [FinalParameters]
[WARN] B:\CODE\PROYECTOS\bitacora-mpd\backend\src\main\java\com\bitacora\infrastructure\security\CustomPermissionsFilter.java:49:95: El parßmetro filterChain deberÝa ser final. [FinalParameters]
[WARN] B:\CODE\PROYECTOS\bitacora-mpd\backend\src\main\java\com\bitacora\infrastructure\security\CustomPermissionsFilter.java:78:22: El parßmetro authority deberÝa ser final. [FinalParameters]
[WARN] B:\CODE\PROYECTOS\bitacora-mpd\backend\src\main\java\com\bitacora\infrastructure\security\CustomPermissionsFilter.java:86: La lÝnea es mayor de 120 caracteres (encontrado 135). [LineLength]
[WARN] B:\CODE\PROYECTOS\bitacora-mpd\backend\src\main\java\com\bitacora\infrastructure\security\JwtTokenProvider.java:4:23: Usar la importaci¾n con '.*' deberÝa evitarse - io.jsonwebtoken.*. [AvoidStarImport]
[WARN] B:\CODE\PROYECTOS\bitacora-mpd\backend\src\main\java\com\bitacora\infrastructure\security\JwtTokenProvider.java:17:17: Usar la importaci¾n con '.*' deberÝa evitarse - java.util.*. [AvoidStarImport]
[WARN] B:\CODE\PROYECTOS\bitacora-mpd\backend\src\main\java\com\bitacora\infrastructure\security\JwtTokenProvider.java:54:31: El parßmetro user deberÝa ser final. [FinalParameters]
[WARN] B:\CODE\PROYECTOS\bitacora-mpd\backend\src\main\java\com\bitacora\infrastructure\security\JwtTokenProvider.java:54:42: El parßmetro authorities deberÝa ser final. [FinalParameters]
[WARN] B:\CODE\PROYECTOS\bitacora-mpd\backend\src\main\java\com\bitacora\infrastructure\security\JwtTokenProvider.java:65:38: El parßmetro user deberÝa ser final. [FinalParameters]
[WARN] B:\CODE\PROYECTOS\bitacora-mpd\backend\src\main\java\com\bitacora\infrastructure\security\JwtTokenProvider.java:65:49: El parßmetro authorities deberÝa ser final. [FinalParameters]
[WARN] B:\CODE\PROYECTOS\bitacora-mpd\backend\src\main\java\com\bitacora\infrastructure\security\JwtTokenProvider.java:78:32: El parßmetro user deberÝa ser final. [FinalParameters]
[WARN] B:\CODE\PROYECTOS\bitacora-mpd\backend\src\main\java\com\bitacora\infrastructure\security\JwtTokenProvider.java:78:43: El parßmetro authorities deberÝa ser final. [FinalParameters]
[WARN] B:\CODE\PROYECTOS\bitacora-mpd\backend\src\main\java\com\bitacora\infrastructure\security\JwtTokenProvider.java:79:13: El parßmetro validityMillis deberÝa ser final. [FinalParameters]
[WARN] B:\CODE\PROYECTOS\bitacora-mpd\backend\src\main\java\com\bitacora\infrastructure\security\JwtTokenProvider.java:79:34: El parßmetro isRefreshToken deberÝa ser final. [FinalParameters]
[WARN] B:\CODE\PROYECTOS\bitacora-mpd\backend\src\main\java\com\bitacora\infrastructure\security\JwtTokenProvider.java:110:45: El parßmetro token deberÝa ser final. [FinalParameters]
[WARN] B:\CODE\PROYECTOS\bitacora-mpd\backend\src\main\java\com\bitacora\infrastructure\security\JwtTokenProvider.java:138:34: El parßmetro token deberÝa ser final. [FinalParameters]
[WARN] B:\CODE\PROYECTOS\bitacora-mpd\backend\src\main\java\com\bitacora\infrastructure\security\JwtTokenProvider.java:145:18: El parßmetro e deberÝa ser final. [FinalParameters]
[WARN] B:\CODE\PROYECTOS\bitacora-mpd\backend\src\main\java\com\bitacora\infrastructure\security\JwtTokenProvider.java:157:35: El parßmetro token deberÝa ser final. [FinalParameters]
[WARN] B:\CODE\PROYECTOS\bitacora-mpd\backend\src\main\java\com\bitacora\infrastructure\security\JwtTokenProvider.java:166:18: El parßmetro e deberÝa ser final. [FinalParameters]
[WARN] B:\CODE\PROYECTOS\bitacora-mpd\backend\src\main\java\com\bitacora\infrastructure\security\JwtTokenProvider.java:178:31: El parßmetro token deberÝa ser final. [FinalParameters]
[WARN] B:\CODE\PROYECTOS\bitacora-mpd\backend\src\main\java\com\bitacora\infrastructure\security\JwtTokenProvider.java:193:44: El parßmetro token deberÝa ser final. [FinalParameters]
[WARN] B:\CODE\PROYECTOS\bitacora-mpd\backend\src\main\java\com\bitacora\infrastructure\security\JwtTokenProvider.java:208:27: El parßmetro token deberÝa ser final. [FinalParameters]
[WARN] B:\CODE\PROYECTOS\bitacora-mpd\backend\src\main\java\com\bitacora\infrastructure\security\JwtTokenProvider.java:224:39: El parßmetro username deberÝa ser final. [FinalParameters]
[WARN] B:\CODE\PROYECTOS\bitacora-mpd\backend\src\main\java\com\bitacora\infrastructure\security\SecurityConfig.java:44:52: El parßmetro http deberÝa ser final. [FinalParameters]
[WARN] B:\CODE\PROYECTOS\bitacora-mpd\backend\src\main\java\com\bitacora\infrastructure\security\SecurityConfig.java:89:5: Clase 'SecurityConfig' se parece a dise±ada para la extensi¾n (puede ser una subclase), pero el mÚtodo 'corsConfigurationSource' no tiene javadoc que explica c¾mo hacerlo de forma segura. Si la clase no estß dise±ado para la extensi¾n de considerar la posibilidad de la clase 'SecurityConfig' final o haciendo el mÚtodo 'corsConfigurationSource' anotaci¾n  static/final/abstract/empty, o la adici¾n permitido para el mÚtodo. [DesignForExtension]
[WARN] B:\CODE\PROYECTOS\bitacora-mpd\backend\src\main\java\com\bitacora\infrastructure\security\SecurityConfig.java:89:5: Falta el comentario Javadoc. [MissingJavadocMethod]
[WARN] B:\CODE\PROYECTOS\bitacora-mpd\backend\src\main\java\com\bitacora\infrastructure\security\SecurityConfig.java:125:56: El parßmetro authenticationConfiguration deberÝa ser final. [FinalParameters]
[WARN] B:\CODE\PROYECTOS\bitacora-mpd\backend\src\main\java\com\bitacora\infrastructure\security\TokenBlacklistService.java:25:32: El parßmetro token deberÝa ser final. [FinalParameters]
[WARN] B:\CODE\PROYECTOS\bitacora-mpd\backend\src\main\java\com\bitacora\infrastructure\security\TokenBlacklistService.java:25:46: El parßmetro expiryDate deberÝa ser final. [FinalParameters]
[WARN] B:\CODE\PROYECTOS\bitacora-mpd\backend\src\main\java\com\bitacora\infrastructure\security\TokenBlacklistService.java:38:34: El parßmetro token deberÝa ser final. [FinalParameters]
[WARN] B:\CODE\PROYECTOS\bitacora-mpd\backend\src\main\java\com\bitacora\infrastructure\security\UserDetailsServiceImpl.java:35:43: El parßmetro username deberÝa ser final. [FinalParameters]
[WARN] B:\CODE\PROYECTOS\bitacora-mpd\backend\src\main\java\com\bitacora\infrastructure\security\UserDetailsServiceImpl.java:57:51: El parßmetro user deberÝa ser final. [FinalParameters]
[WARN] B:\CODE\PROYECTOS\bitacora-mpd\backend\src\main\java\com\bitacora\infrastructure\security\UserPrincipal.java:25: La lÝnea es mayor de 120 caracteres (encontrado 121). [LineLength]
[WARN] B:\CODE\PROYECTOS\bitacora-mpd\backend\src\main\java\com\bitacora\infrastructure\security\UserPrincipal.java:25:26: El parßmetro id deberÝa ser final. [FinalParameters]
[WARN] B:\CODE\PROYECTOS\bitacora-mpd\backend\src\main\java\com\bitacora\infrastructure\security\UserPrincipal.java:25:35: El parßmetro username deberÝa ser final. [FinalParameters]
[WARN] B:\CODE\PROYECTOS\bitacora-mpd\backend\src\main\java\com\bitacora\infrastructure\security\UserPrincipal.java:25:52: El parßmetro password deberÝa ser final. [FinalParameters]
[WARN] B:\CODE\PROYECTOS\bitacora-mpd\backend\src\main\java\com\bitacora\infrastructure\security\UserPrincipal.java:25:69: El parßmetro authorities deberÝa ser final. [FinalParameters]
[WARN] B:\CODE\PROYECTOS\bitacora-mpd\backend\src\main\java\com\bitacora\tools\GeneratePassword.java:26:29: El parßmetro args deberÝa ser final. [FinalParameters]
[WARN] B:\CODE\PROYECTOS\bitacora-mpd\backend\src\main\java\com\bitacora\tools\OpenApiGenerator.java:31:9: El tama±o del mÚtodo main es 135 lÝneas (mßximas permitidas 80). [MethodLength]
[WARN] B:\CODE\PROYECTOS\bitacora-mpd\backend\src\main\java\com\bitacora\tools\OpenApiGenerator.java:32:33: El parßmetro args deberÝa ser final. [FinalParameters]
[WARN] B:\CODE\PROYECTOS\bitacora-mpd\backend\src\main\java\com\bitacora\tools\OpenApiGenerator.java:67: La lÝnea es mayor de 120 caracteres (encontrado 132). [LineLength]
[WARN] B:\CODE\PROYECTOS\bitacora-mpd\backend\src\main\java\com\bitacora\tools\OpenApiGenerator.java:69: La lÝnea es mayor de 120 caracteres (encontrado 132). [LineLength]
[WARN] B:\CODE\PROYECTOS\bitacora-mpd\backend\src\main\java\com\bitacora\tools\OpenApiGenerator.java:72: La lÝnea es mayor de 120 caracteres (encontrado 135). [LineLength]
[WARN] B:\CODE\PROYECTOS\bitacora-mpd\backend\src\main\java\com\bitacora\tools\OpenApiGenerator.java:78: La lÝnea es mayor de 120 caracteres (encontrado 126). [LineLength]
[WARN] B:\CODE\PROYECTOS\bitacora-mpd\backend\src\main\java\com\bitacora\tools\OpenApiGenerator.java:80: La lÝnea es mayor de 120 caracteres (encontrado 133). [LineLength]
[WARN] B:\CODE\PROYECTOS\bitacora-mpd\backend\src\main\java\com\bitacora\tools\OpenApiGenerator.java:82: La lÝnea es mayor de 120 caracteres (encontrado 129). [LineLength]
[WARN] B:\CODE\PROYECTOS\bitacora-mpd\backend\src\main\java\com\bitacora\tools\OpenApiGenerator.java:84: La lÝnea es mayor de 120 caracteres (encontrado 133). [LineLength]
[WARN] B:\CODE\PROYECTOS\bitacora-mpd\backend\src\main\java\com\bitacora\tools\OpenApiGenerator.java:86: La lÝnea es mayor de 120 caracteres (encontrado 132). [LineLength]
[WARN] B:\CODE\PROYECTOS\bitacora-mpd\backend\src\main\java\com\bitacora\tools\OpenApiGenerator.java:88: La lÝnea es mayor de 120 caracteres (encontrado 128). [LineLength]
[WARN] B:\CODE\PROYECTOS\bitacora-mpd\backend\src\main\java\com\bitacora\tools\OpenApiGenerator.java:91: La lÝnea es mayor de 120 caracteres (encontrado 128). [LineLength]
[WARN] B:\CODE\PROYECTOS\bitacora-mpd\backend\src\main\java\com\bitacora\tools\OpenApiGenerator.java:127: La lÝnea es mayor de 120 caracteres (encontrado 139). [LineLength]
[WARN] B:\CODE\PROYECTOS\bitacora-mpd\backend\src\main\java\com\bitacora\tools\OpenApiGenerator.java:131: La lÝnea es mayor de 120 caracteres (encontrado 141). [LineLength]
[WARN] B:\CODE\PROYECTOS\bitacora-mpd\backend\src\main\java\com\bitacora\tools\OpenApiGenerator.java:132: La lÝnea es mayor de 120 caracteres (encontrado 149). [LineLength]
[WARN] B:\CODE\PROYECTOS\bitacora-mpd\backend\src\main\java\com\bitacora\tools\OpenApiGenerator.java:137: La lÝnea es mayor de 120 caracteres (encontrado 136). [LineLength]
[WARN] B:\CODE\PROYECTOS\bitacora-mpd\backend\src\main\java\com\bitacora\tools\OpenApiGenerator.java:142: La lÝnea es mayor de 120 caracteres (encontrado 141). [LineLength]
[WARN] B:\CODE\PROYECTOS\bitacora-mpd\backend\src\main\java\com\bitacora\tools\OpenApiGenerator.java:143: La lÝnea es mayor de 120 caracteres (encontrado 150). [LineLength]
[WARN] B:\CODE\PROYECTOS\bitacora-mpd\backend\src\main\java\com\bitacora\tools\OpenApiGenerator.java:161:26: El parßmetro e deberÝa ser final. [FinalParameters]
[WARN] B:\CODE\PROYECTOS\bitacora-mpd\backend\src\main\java\com\bitacora\tools\PasswordHashGenerator.java:26:29: El parßmetro args deberÝa ser final. [FinalParameters]
AuditorÝa concluida.
[INFO] You have 0 Checkstyle violations.
[INFO] 
[INFO] --- jacoco:0.8.11:prepare-agent (prepare-agent) @ bitacora-backend ---
[INFO] argLine set to -javaagent:C:\\Users\\Semper\\.m2\\repository\\org\\jacoco\\org.jacoco.agent\\0.8.11\\org.jacoco.agent-0.8.11-runtime.jar=destfile=B:\\CODE\\PROYECTOS\\bitacora-mpd\\backend\\target\\jacoco.exec
[INFO] 
[INFO] --- resources:3.3.1:resources (default-resources) @ bitacora-backend ---
[INFO] Copying 5 resources from src\main\resources to target\classes
[INFO] Copying 15 resources from src\main\resources to target\classes
[INFO] 
[INFO] --- compiler:3.11.0:compile (default-compile) @ bitacora-backend ---
[INFO] Changes detected - recompiling the module! :source
[INFO] Compiling 191 source files with javac [debug release 21] to target\classes
[INFO] Annotation processing is enabled because one or more processors were found
  on the class path. A future release of javac may disable annotation processing
  unless at least one processor is specified by name (-processor), or a search
  path is specified (--processor-path, --processor-module-path), or annotation
  processing is enabled explicitly (-proc:only, -proc:full).
  Use -Xlint:-options to suppress this message.
  Use -proc:none to disable annotation processing.
[INFO] /B:/CODE/PROYECTOS/bitacora-mpd/backend/src/main/java/com/bitacora/infrastructure/rest/dto/AuthRequestDto.java: Some input files use or override a deprecated API.
[INFO] /B:/CODE/PROYECTOS/bitacora-mpd/backend/src/main/java/com/bitacora/infrastructure/rest/dto/AuthRequestDto.java: Recompile with -Xlint:deprecation for details.
[INFO] ------------------------------------------------------------------------
[INFO] BUILD SUCCESS
[INFO] ------------------------------------------------------------------------
[INFO] Total time:  48.808 s
[INFO] Finished at: 2025-04-29T18:16:40-03:00
[INFO] ------------------------------------------------------------------------
